Component: ARM Compiler 5.06 update 7 (build 960) Tool: armlink [4d3601]

==============================================================================

Section Cross References

    startup_stm32f411xe.o(STACK) refers (Special) to heapauxi.o(.text) for __use_two_region_memory
    startup_stm32f411xe.o(HEAP) refers (Special) to heapauxi.o(.text) for __use_two_region_memory
    startup_stm32f411xe.o(RESET) refers (Special) to heapauxi.o(.text) for __use_two_region_memory
    startup_stm32f411xe.o(RESET) refers to startup_stm32f411xe.o(STACK) for __initial_sp
    startup_stm32f411xe.o(RESET) refers to startup_stm32f411xe.o(.text) for Reset_Handler
    startup_stm32f411xe.o(RESET) refers to stm32f4xx_it.o(i.NMI_Handler) for NMI_Handler
    startup_stm32f411xe.o(RESET) refers to stm32f4xx_it.o(i.HardFault_Handler) for HardFault_Handler
    startup_stm32f411xe.o(RESET) refers to stm32f4xx_it.o(i.MemManage_Handler) for MemManage_Handler
    startup_stm32f411xe.o(RESET) refers to stm32f4xx_it.o(i.BusFault_Handler) for BusFault_Handler
    startup_stm32f411xe.o(RESET) refers to stm32f4xx_it.o(i.UsageFault_Handler) for UsageFault_Handler
    startup_stm32f411xe.o(RESET) refers to stm32f4xx_it.o(i.SVC_Handler) for SVC_Handler
    startup_stm32f411xe.o(RESET) refers to stm32f4xx_it.o(i.DebugMon_Handler) for DebugMon_Handler
    startup_stm32f411xe.o(RESET) refers to stm32f4xx_it.o(i.PendSV_Handler) for PendSV_Handler
    startup_stm32f411xe.o(RESET) refers to stm32f4xx_it.o(i.SysTick_Handler) for SysTick_Handler
    startup_stm32f411xe.o(RESET) refers to stm32f4xx_it.o(i.DMA1_Stream5_IRQHandler) for DMA1_Stream5_IRQHandler
    startup_stm32f411xe.o(RESET) refers to stm32f4xx_it.o(i.DMA1_Stream6_IRQHandler) for DMA1_Stream6_IRQHandler
    startup_stm32f411xe.o(RESET) refers to stm32f4xx_it.o(i.TIM2_IRQHandler) for TIM2_IRQHandler
    startup_stm32f411xe.o(RESET) refers to stm32f4xx_it.o(i.USART2_IRQHandler) for USART2_IRQHandler
    startup_stm32f411xe.o(RESET) refers to stm32f4xx_it.o(i.OTG_FS_IRQHandler) for OTG_FS_IRQHandler
    startup_stm32f411xe.o(.text) refers (Special) to heapauxi.o(.text) for __use_two_region_memory
    startup_stm32f411xe.o(.text) refers to system_stm32f4xx.o(i.SystemInit) for SystemInit
    startup_stm32f411xe.o(.text) refers to __main.o(!!!main) for __main
    startup_stm32f411xe.o(.text) refers to startup_stm32f411xe.o(HEAP) for Heap_Mem
    startup_stm32f411xe.o(.text) refers to startup_stm32f411xe.o(STACK) for Stack_Mem
    main.o(i.MX_TIM2_Init) refers to stm32f4xx_hal_tim.o(i.HAL_TIM_Base_Init) for HAL_TIM_Base_Init
    main.o(i.MX_TIM2_Init) refers to stm32f4xx_hal_tim.o(i.HAL_TIM_ConfigClockSource) for HAL_TIM_ConfigClockSource
    main.o(i.MX_TIM2_Init) refers to stm32f4xx_hal_tim_ex.o(i.HAL_TIMEx_MasterConfigSynchronization) for HAL_TIMEx_MasterConfigSynchronization
    main.o(i.MX_TIM2_Init) refers to main.o(.bss) for .bss
    main.o(i.SystemClock_Config) refers to rt_memclr_w.o(.text) for __aeabi_memclr4
    main.o(i.SystemClock_Config) refers to stm32f4xx_hal_rcc.o(i.HAL_RCC_OscConfig) for HAL_RCC_OscConfig
    main.o(i.SystemClock_Config) refers to stm32f4xx_hal_rcc.o(i.HAL_RCC_ClockConfig) for HAL_RCC_ClockConfig
    main.o(i.main) refers to stm32f4xx_hal.o(i.HAL_Init) for HAL_Init
    main.o(i.main) refers to main.o(i.SystemClock_Config) for SystemClock_Config
    main.o(i.main) refers to stm32f4xx_hal_cortex.o(i.HAL_NVIC_SetPriority) for HAL_NVIC_SetPriority
    main.o(i.main) refers to stm32f4xx_hal_cortex.o(i.HAL_NVIC_EnableIRQ) for HAL_NVIC_EnableIRQ
    main.o(i.main) refers to stm32f4xx_hal_uart.o(i.HAL_UART_Init) for HAL_UART_Init
    main.o(i.main) refers to usb_device.o(i.MX_USB_DEVICE_Init) for MX_USB_DEVICE_Init
    main.o(i.main) refers to main.o(i.MX_TIM2_Init) for MX_TIM2_Init
    main.o(i.main) refers to sim_hardware.o(i.SIM_UART_Init) for SIM_UART_Init
    main.o(i.main) refers to sim_hardware.o(i.SIM_TIM_Init) for SIM_TIM_Init
    main.o(i.main) refers to sim_hardware.o(i.SIM_Init) for SIM_Init
    main.o(i.main) refers to sim_hardware.o(i.SIM_Loop) for SIM_Loop
    main.o(i.main) refers to main.o(.bss) for .bss
    usb_device.o(i.MX_USB_DEVICE_Init) refers to usbd_core.o(i.USBD_Init) for USBD_Init
    usb_device.o(i.MX_USB_DEVICE_Init) refers to main.o(i.Error_Handler) for Error_Handler
    usb_device.o(i.MX_USB_DEVICE_Init) refers to usbd_core.o(i.USBD_RegisterClass) for USBD_RegisterClass
    usb_device.o(i.MX_USB_DEVICE_Init) refers to usbd_cdc.o(i.USBD_CDC_RegisterInterface) for USBD_CDC_RegisterInterface
    usb_device.o(i.MX_USB_DEVICE_Init) refers to usbd_core.o(i.USBD_Start) for USBD_Start
    usb_device.o(i.MX_USB_DEVICE_Init) refers to usbd_desc.o(.data) for FS_Desc
    usb_device.o(i.MX_USB_DEVICE_Init) refers to usb_device.o(.bss) for .bss
    usb_device.o(i.MX_USB_DEVICE_Init) refers to usbd_cdc.o(.data) for USBD_CDC
    usb_device.o(i.MX_USB_DEVICE_Init) refers to usbd_cdc_if.o(.data) for USBD_Interface_fops_FS
[...]
    __aeabi_memclr4                          0x0800078f   Thumb Code     0  rt_memclr_w.o(.text)
    __aeabi_memclr8                          0x0800078f   Thumb Code     0  rt_memclr_w.o(.text)
    __rt_memclr_w                            0x0800078f   Thumb Code    78  rt_memclr_w.o(.text)
    _memset_w                                0x08000793   Thumb Code     0  rt_memclr_w.o(.text)
    strcmp                                   0x080007dd   Thumb Code   128  strcmpv7m.o(.text)
    __use_two_region_memory                  0x0800085d   Thumb Code     2  heapauxi.o(.text)
    __rt_heap_escrow                         0x0800085f   Thumb Code     2  heapauxi.o(.text)
    __rt_heap_expand                         0x08000861   Thumb Code     2  heapauxi.o(.text)
    __rt_heap_descriptor                     0x08000865   Thumb Code     8  rt_heap_descriptor_intlibspace.o(.text)
    __aeabi_errno_addr                       0x0800086d   Thumb Code     8  rt_errno_addr_intlibspace.o(.text)
    __errno$intlibspace                      0x0800086d   Thumb Code     0  rt_errno_addr_intlibspace.o(.text)
    __rt_errno_addr$intlibspace              0x0800086d   Thumb Code     0  rt_errno_addr_intlibspace.o(.text)
    __use_no_heap                            0x08000875   Thumb Code     2  hguard.o(.text)
    __heap$guard                             0x08000877   Thumb Code     2  hguard.o(.text)
    _terminate_user_alloc                    0x08000879   Thumb Code     2  init_alloc.o(.text)
    _init_user_alloc                         0x0800087b   Thumb Code     2  init_alloc.o(.text)
    __Heap_Full                              0x0800087d   Thumb Code    34  init_alloc.o(.text)
    __Heap_Broken                            0x0800089f   Thumb Code     6  init_alloc.o(.text)
    _init_alloc                              0x080008a5   Thumb Code    94  init_alloc.o(.text)
    __Heap_Initialize                        0x08000903   Thumb Code    10  h1_init.o(.text)
    __Heap_DescSize                          0x0800090d   Thumb Code     4  h1_init.o(.text)
    _printf_int_common                       0x08000911   Thumb Code   178  _printf_intcommon.o(.text)
    _printf_char_common                      0x080009cf   Thumb Code    32  _printf_char_common.o(.text)
    _sputc                                   0x080009f5   Thumb Code    10  _sputc.o(.text)
    _printf_cs_common                        0x080009ff   Thumb Code    20  _printf_char.o(.text)
    _printf_char                             0x08000a13   Thumb Code    16  _printf_char.o(.text)
    _printf_string                           0x08000a23   Thumb Code     8  _printf_char.o(.text)
    strtol                                   0x08000a2b   Thumb Code   112  strtol.o(.text)
    __user_libspace                          0x08000a9d   Thumb Code     8  libspace.o(.text)
    __user_perproc_libspace                  0x08000a9d   Thumb Code     0  libspace.o(.text)
    __user_perthread_libspace                0x08000a9d   Thumb Code     0  libspace.o(.text)
    __rt_ctype_table                         0x08000aa5   Thumb Code    16  rt_ctype_table.o(.text)
    __Heap_ProvideMemory                     0x08000ab5   Thumb Code    52  h1_extend.o(.text)
    _strtoul                                 0x08000ae9   Thumb Code   158  _strtoul.o(.text)
    __rt_SIGRTMEM                            0x08000b87   Thumb Code    14  defsig_rtmem_outer.o(.text)
    __I$use$semihosting                      0x08000b95   Thumb Code     0  use_no_semi.o(.text)
    __use_no_semihosting_swi                 0x08000b95   Thumb Code     2  use_no_semi.o(.text)
    __semihosting_library_function           0x08000b97   Thumb Code     0  indicate_semi.o(.text)
    __user_setup_stackheap                   0x08000b97   Thumb Code    74  sys_stackheap_outer.o(.text)
    __rt_locale                              0x08000be1   Thumb Code     8  rt_locale_intlibspace.o(.text)
    _chval                                   0x08000be9   Thumb Code    28  _chval.o(.text)
    exit                                     0x08000c05   Thumb Code    18  exit.o(.text)
    __sig_exit                               0x08000c17   Thumb Code    10  defsig_exit.o(.text)
    __rt_SIGRTMEM_inner                      0x08000c21   Thumb Code    22  defsig_rtmem_inner.o(.text)
    _sys_exit                                0x08000c71   Thumb Code     8  sys_exit.o(.text)
    __default_signal_display                 0x08000c7d   Thumb Code    50  defsig_general.o(.text)
    _ttywrch                                 0x08000caf   Thumb Code    14  sys_wrch.o(.text)
    AddToBeginQueue                          0x08000cbd   Thumb Code    64  sim_software.o(i.AddToBeginQueue)
    AddToEndQueue                            0x08000d21   Thumb Code    64  sim_software.o(i.AddToEndQueue)
    BegUserInput                             0x08000d85   Thumb Code    16  sim_software.o(i.BegUserInput)
    BusFault_Handler                         0x08000dc5   Thumb Code     2  stm32f4xx_it.o(i.BusFault_Handler)
    CDC_Transmit_FS                          0x08000e25   Thumb Code    38  usbd_cdc_if.o(i.CDC_Transmit_FS)
    CancelProgram                            0x08000e51   Thumb Code    44  sim_software.o(i.CancelProgram)
    CommandCallback                          0x08000e85   Thumb Code    92  sim_main.o(i.CommandCallback)
    DMA1_Stream5_IRQHandler                  0x08000ee5   Thumb Code     6  stm32f4xx_it.o(i.DMA1_Stream5_IRQHandler)
    DMA1_Stream6_IRQHandler                  0x08000ef1   Thumb Code     6  stm32f4xx_it.o(i.DMA1_Stream6_IRQHandler)
    DebugMon_Handler                         0x08000fa1   Thumb Code     2  stm32f4xx_it.o(i.DebugMon_Handler)
    ErrCSTT                                  0x08000fa5   Thumb Code    44  sim_software.o(i.ErrCSTT)
    Error_Handler                            0x08000fdd   Thumb Code     4  main.o(i.Error_Handler)
    FormatBuffer                             0x08000fe1   Thumb Code    82  sim_hardware.o(i.FormatBuffer)
    GetIPPort                                0x0800103d   Thumb Code     6  sim_software.o(i.GetIPPort)
    GetPCBuf                                 0x08001049   Thumb Code    22  sim_software.o(i.GetPCBuf)
    GetSIMBuf                                0x0800107d   Thumb Code    22  sim_software.o(i.GetSIMBuf)
    HAL_DMA_Abort                            0x080010b1   Thumb Code   146  stm32f4xx_hal_dma.o(i.HAL_DMA_Abort)
    HAL_DMA_Abort_IT                         0x08001143   Thumb Code    36  stm32f4xx_hal_dma.o(i.HAL_DMA_Abort_IT)
    HAL_DMA_IRQHandler                       0x08001169   Thumb Code   412  stm32f4xx_hal_dma.o(i.HAL_DMA_IRQHandler)
    HAL_DMA_Init                             0x08001309   Thumb Code   206  stm32f4xx_hal_dma.o(i.HAL_DMA_Init)
    HAL_DMA_Start_IT                         0x080013dd   Thumb Code   110  stm32f4xx_hal_dma.o(i.HAL_DMA_Start_IT)
    HAL_Delay                                0x0800144d   Thumb Code    32  stm32f4xx_hal.o(i.HAL_Delay)
    HAL_GPIO_Init                            0x08001471   Thumb Code   446  stm32f4xx_hal_gpio.o(i.HAL_GPIO_Init)
    HAL_GetTick                              0x08001651   Thumb Code     6  stm32f4xx_hal.o(i.HAL_GetTick)
    HAL_IncTick                              0x0800165d   Thumb Code    12  stm32f4xx_hal.o(i.HAL_IncTick)
    HAL_Init                                 0x0800166d   Thumb Code    48  stm32f4xx_hal.o(i.HAL_Init)
    HAL_InitTick                             0x080016a1   Thumb Code    54  stm32f4xx_hal.o(i.HAL_InitTick)
    HAL_MspInit                              0x080016e1   Thumb Code    42  stm32f4xx_hal_msp.o(i.HAL_MspInit)
    HAL_NVIC_EnableIRQ                       0x08001711   Thumb Code    26  stm32f4xx_hal_cortex.o(i.HAL_NVIC_EnableIRQ)
    HAL_NVIC_SetPriority                     0x0800172d   Thumb Code    60  stm32f4xx_hal_cortex.o(i.HAL_NVIC_SetPriority)
    HAL_NVIC_SetPriorityGrouping             0x0800176d   Thumb Code    26  stm32f4xx_hal_cortex.o(i.HAL_NVIC_SetPriorityGrouping)
    HAL_PCDEx_LPM_Callback                   0x08001791   Thumb Code     2  stm32f4xx_hal_pcd_ex.o(i.HAL_PCDEx_LPM_Callback)
    HAL_PCDEx_SetRxFiFo                      0x08001793   Thumb Code     8  stm32f4xx_hal_pcd_ex.o(i.HAL_PCDEx_SetRxFiFo)
    HAL_PCDEx_SetTxFiFo                      0x0800179b   Thumb Code    68  stm32f4xx_hal_pcd_ex.o(i.HAL_PCDEx_SetTxFiFo)
    HAL_PCD_ConnectCallback                  0x080017df   Thumb Code     8  usbd_conf.o(i.HAL_PCD_ConnectCallback)
    HAL_PCD_DataInStageCallback              0x080017e7   Thumb Code    18  usbd_conf.o(i.HAL_PCD_DataInStageCallback)
    HAL_PCD_DataOutStageCallback             0x080017f9   Thumb Code    20  usbd_conf.o(i.HAL_PCD_DataOutStageCallback)
    HAL_PCD_DisconnectCallback               0x0800180d   Thumb Code     8  usbd_conf.o(i.HAL_PCD_DisconnectCallback)
    HAL_PCD_EP_Close                         0x08001815   Thumb Code    76  stm32f4xx_hal_pcd.o(i.HAL_PCD_EP_Close)
    HAL_PCD_EP_ClrStall                      0x08001861   Thumb Code    92  stm32f4xx_hal_pcd.o(i.HAL_PCD_EP_ClrStall)
    HAL_PCD_EP_GetRxCount                    0x080018bd   Thumb Code    18  stm32f4xx_hal_pcd.o(i.HAL_PCD_EP_GetRxCount)
    HAL_PCD_EP_Open                          0x080018cf   Thumb Code    96  stm32f4xx_hal_pcd.o(i.HAL_PCD_EP_Open)
    HAL_PCD_EP_Receive                       0x0800192f   Thumb Code    72  stm32f4xx_hal_pcd.o(i.HAL_PCD_EP_Receive)
    HAL_PCD_EP_SetStall                      0x08001977   Thumb Code   116  stm32f4xx_hal_pcd.o(i.HAL_PCD_EP_SetStall)
    HAL_PCD_EP_Transmit                      0x080019eb   Thumb Code    64  stm32f4xx_hal_pcd.o(i.HAL_PCD_EP_Transmit)
    HAL_PCD_IRQHandler                       0x08001a2d   Thumb Code  1070  stm32f4xx_hal_pcd.o(i.HAL_PCD_IRQHandler)
    HAL_PCD_ISOINIncompleteCallback          0x08001e61   Thumb Code     8  usbd_conf.o(i.HAL_PCD_ISOINIncompleteCallback)
    HAL_PCD_ISOOUTIncompleteCallback         0x08001e69   Thumb Code     8  usbd_conf.o(i.HAL_PCD_ISOOUTIncompleteCallback)
    HAL_PCD_Init                             0x08001e71   Thumb Code   226  stm32f4xx_hal_pcd.o(i.HAL_PCD_Init)
    HAL_PCD_MspInit                          0x08001f55   Thumb Code   122  usbd_conf.o(i.HAL_PCD_MspInit)
    HAL_PCD_ResetCallback                    0x08001fd9   Thumb Code    38  usbd_conf.o(i.HAL_PCD_ResetCallback)
    HAL_PCD_ResumeCallback                   0x08001fff   Thumb Code     8  usbd_conf.o(i.HAL_PCD_ResumeCallback)
    HAL_PCD_SOFCallback                      0x08002007   Thumb Code     8  usbd_conf.o(i.HAL_PCD_SOFCallback)
    HAL_PCD_SetAddress                       0x0800200f   Thumb Code    40  stm32f4xx_hal_pcd.o(i.HAL_PCD_SetAddress)
    HAL_PCD_SetupStageCallback               0x08002037   Thumb Code    14  usbd_conf.o(i.HAL_PCD_SetupStageCallback)
    HAL_PCD_Start                            0x08002045   Thumb Code    66  stm32f4xx_hal_pcd.o(i.HAL_PCD_Start)
    HAL_PCD_SuspendCallback                  0x08002089   Thumb Code    44  usbd_conf.o(i.HAL_PCD_SuspendCallback)
    HAL_RCC_ClockConfig                      0x080020b9   Thumb Code   288  stm32f4xx_hal_rcc.o(i.HAL_RCC_ClockConfig)
    HAL_RCC_GetHCLKFreq                      0x080021ed   Thumb Code     6  stm32f4xx_hal_rcc.o(i.HAL_RCC_GetHCLKFreq)
    HAL_RCC_GetPCLK1Freq                     0x080021f9   Thumb Code    20  stm32f4xx_hal_rcc.o(i.HAL_RCC_GetPCLK1Freq)
    HAL_RCC_GetPCLK2Freq                     0x08002219   Thumb Code    20  stm32f4xx_hal_rcc.o(i.HAL_RCC_GetPCLK2Freq)
    HAL_RCC_GetSysClockFreq                  0x08002239   Thumb Code    88  stm32f4xx_hal_rcc.o(i.HAL_RCC_GetSysClockFreq)
    HAL_RCC_OscConfig                        0x0800229d   Thumb Code   856  stm32f4xx_hal_rcc.o(i.HAL_RCC_OscConfig)
    HAL_SYSTICK_Config                       0x08002609   Thumb Code    40  stm32f4xx_hal_cortex.o(i.HAL_SYSTICK_Config)
    HAL_TIMEx_BreakCallback                  0x08002631   Thumb Code     2  stm32f4xx_hal_tim_ex.o(i.HAL_TIMEx_BreakCallback)
    HAL_TIMEx_CommutCallback                 0x08002633   Thumb Code     2  stm32f4xx_hal_tim_ex.o(i.HAL_TIMEx_CommutCallback)
    HAL_TIMEx_MasterConfigSynchronization    0x08002635   Thumb Code   104  stm32f4xx_hal_tim_ex.o(i.HAL_TIMEx_MasterConfigSynchronization)
    HAL_TIM_Base_Init                        0x080026b1   Thumb Code    90  stm32f4xx_hal_tim.o(i.HAL_TIM_Base_Init)
    HAL_TIM_Base_MspInit                     0x0800270d   Thumb Code    50  stm32f4xx_hal_msp.o(i.HAL_TIM_Base_MspInit)
    HAL_TIM_Base_Start_IT                    0x08002745   Thumb Code    88  stm32f4xx_hal_tim.o(i.HAL_TIM_Base_Start_IT)
    HAL_TIM_ConfigClockSource                0x080027b1   Thumb Code   220  stm32f4xx_hal_tim.o(i.HAL_TIM_ConfigClockSource)
    HAL_TIM_IC_CaptureCallback               0x0800288d   Thumb Code     2  stm32f4xx_hal_tim.o(i.HAL_TIM_IC_CaptureCallback)
    HAL_TIM_IRQHandler                       0x0800288f   Thumb Code   358  stm32f4xx_hal_tim.o(i.HAL_TIM_IRQHandler)
    HAL_TIM_OC_DelayElapsedCallback          0x080029f5   Thumb Code     2  stm32f4xx_hal_tim.o(i.HAL_TIM_OC_DelayElapsedCallback)
    HAL_TIM_PWM_PulseFinishedCallback        0x080029f7   Thumb Code     2  stm32f4xx_hal_tim.o(i.HAL_TIM_PWM_PulseFinishedCallback)
    HAL_TIM_PeriodElapsedCallback            0x080029f9   Thumb Code    28  sim_hardware.o(i.HAL_TIM_PeriodElapsedCallback)
    HAL_TIM_TriggerCallback                  0x08002a19   Thumb Code     2  stm32f4xx_hal_tim.o(i.HAL_TIM_TriggerCallback)
    HAL_UARTEx_RxEventCallback               0x08002a1b   Thumb Code     2  stm32f4xx_hal_uart.o(i.HAL_UARTEx_RxEventCallback)
    HAL_UART_ErrorCallback                   0x08002a1d   Thumb Code    14  sim_hardware.o(i.HAL_UART_ErrorCallback)
    HAL_UART_IRQHandler                      0x08002a31   Thumb Code   610  stm32f4xx_hal_uart.o(i.HAL_UART_IRQHandler)
    HAL_UART_Init                            0x08002c99   Thumb Code    98  stm32f4xx_hal_uart.o(i.HAL_UART_Init)
    HAL_UART_MspInit                         0x08002cfd   Thumb Code   206  stm32f4xx_hal_msp.o(i.HAL_UART_MspInit)
    HAL_UART_Receive_DMA                     0x08002de5   Thumb Code    42  stm32f4xx_hal_uart.o(i.HAL_UART_Receive_DMA)
    HAL_UART_RxCpltCallback                  0x08002e11   Thumb Code   150  sim_hardware.o(i.HAL_UART_RxCpltCallback)
    HAL_UART_RxHalfCpltCallback              0x08002eb1   Thumb Code     2  stm32f4xx_hal_uart.o(i.HAL_UART_RxHalfCpltCallback)
    HAL_UART_Transmit_DMA                    0x08002eb5   Thumb Code   126  stm32f4xx_hal_uart.o(i.HAL_UART_Transmit_DMA)
    HAL_UART_TxCpltCallback                  0x08002f41   Thumb Code     8  sim_hardware.o(i.HAL_UART_TxCpltCallback)
    HAL_UART_TxHalfCpltCallback              0x08002f4d   Thumb Code     2  stm32f4xx_hal_uart.o(i.HAL_UART_TxHalfCpltCallback)
    HardFault_Handler                        0x08002f4f   Thumb Code     2  stm32f4xx_it.o(i.HardFault_Handler)
    Help                                     0x08002f51   Thumb Code   164  sim_main.o(i.Help)
    Init                                     0x0800305d   Thumb Code    38  sim_main.o(i.Init)
    InitSIM                                  0x080030b5   Thumb Code    10  sim_software.o(i.InitSIM)
    Init_u0420_u040eompl                     0x080030cd   Thumb Code    12  sim_software.o(i.Init_u0420_u040eompl)
    IsUserInput                              0x0800313d   Thumb Code     8  sim_software.o(i.IsUserInput)
    Loop                                     0x08003149   Thumb Code    82  sim_software.o(i.Loop)
    MX_USB_DEVICE_Init                       0x08003255   Thumb Code    66  usb_device.o(i.MX_USB_DEVICE_Init)
    MemManage_Handler                        0x080032a9   Thumb Code     2  stm32f4xx_it.o(i.MemManage_Handler)
    NMI_Handler                              0x080032ab   Thumb Code     2  stm32f4xx_it.o(i.NMI_Handler)
    NoError                                  0x080032ad   Thumb Code    18  sim_software.o(i.NoError)
    OTG_FS_IRQHandler                        0x080032c9   Thumb Code     6  stm32f4xx_it.o(i.OTG_FS_IRQHandler)
    OpenGPRS                                 0x080032d5   Thumb Code     8  sim_software.o(i.OpenGPRS)
    ParseCmd                                 0x08003451   Thumb Code   262  sim_main.o(i.ParseCmd)
    ParseResponce                            0x08003571   Thumb Code   218  sim_software.o(i.ParseResponce)
    PendSV_Handler                           0x080036a9   Thumb Code     2  stm32f4xx_it.o(i.PendSV_Handler)
    RegisterProgram                          0x080036ad   Thumb Code    46  sim_software.o(i.RegisterProgram)
    ResponceCallback                         0x08003701   Thumb Code    76  sim_software.o(i.ResponceCallback)
    RunCommand                               0x08003765   Thumb Code    62  sim_software.o(i.RunCommand)
    RunNextCommand                           0x080037ad   Thumb Code    18  sim_software.o(i.RunNextCommand)
    RunProgram                               0x080037c5   Thumb Code    42  sim_software.o(i.RunProgram)
    SIM_CDC_Rx_Callback                      0x080037f5   Thumb Code   110  sim_hardware.o(i.SIM_CDC_Rx_Callback)
    SIM_CDC_Tx_Callback                      0x0800386d   Thumb Code     8  sim_hardware.o(i.SIM_CDC_Tx_Callback)
    SIM_Init                                 0x08003879   Thumb Code    30  sim_hardware.o(i.SIM_Init)
    SIM_Loop                                 0x080038d9   Thumb Code   146  sim_hardware.o(i.SIM_Loop)
    SIM_TIM_Init                             0x08003999   Thumb Code    42  sim_hardware.o(i.SIM_TIM_Init)
    SIM_UART_Init                            0x080039c9   Thumb Code    40  sim_hardware.o(i.SIM_UART_Init)
    SIM_UART_SetCallbackForIdle              0x080039f9   Thumb Code    18  sim_hardware.o(i.SIM_UART_SetCallbackForIdle)
    SVC_Handler                              0x08003a11   Thumb Code     2  stm32f4xx_it.o(i.SVC_Handler)
    SendI32ToPC                              0x08003a1d   Thumb Code    42  sim_hardware.o(i.SendI32ToPC)
    SendTCP                                  0x08003a55   Thumb Code    10  sim_software.o(i.SendTCP)
    SendToPC                                 0x08003a65   Thumb Code    16  sim_hardware.o(i.SendToPC)
    SendToSIM                                0x08003a7d   Thumb Code    24  sim_hardware.o(i.SendToSIM)
    SetIPPort                                0x08003a99   Thumb Code    48  sim_software.o(i.SetIPPort)
    SetIPPortInit                            0x08003b01   Thumb Code    36  sim_software.o(i.SetIPPortInit)
    SetUserInput                             0x08003b5d   Thumb Code    94  sim_software.o(i.SetUserInput)
    ShowBufPC                                0x08003be1   Thumb Code    10  sim_hardware.o(i.ShowBufPC)
    ShowBufSIM                               0x08003bf1   Thumb Code    10  sim_hardware.o(i.ShowBufSIM)
    ShowValue                                0x08003c01   Thumb Code    10  sim_software.o(i.ShowValue)
    StartTCP                                 0x08003c0d   Thumb Code    82  sim_software.o(i.StartTCP)
    StopTCP                                  0x08003c7d   Thumb Code    72  sim_software.o(i.StopTCP)
    SysTick_Handler                          0x08003cd1   Thumb Code     4  stm32f4xx_it.o(i.SysTick_Handler)
    SystemClock_Config                       0x08003cd5   Thumb Code   136  main.o(i.SystemClock_Config)
    SystemInit                               0x08003d65   Thumb Code    12  system_stm32f4xx.o(i.SystemInit)
    TCPMsgSent                               0x08003d75   Thumb Code   136  sim_software.o(i.TCPMsgSent)
    TCPSendMsg                               0x08003e6d   Thumb Code    76  sim_software.o(i.TCPSendMsg)
    TCPSetMsg                                0x08003ecd   Thumb Code    26  sim_software.o(i.TCPSetMsg)
    TIM2_IRQHandler                          0x08003ef9   Thumb Code     6  stm32f4xx_it.o(i.TIM2_IRQHandler)
    TIM_Base_SetConfig                       0x08003f05   Thumb Code   122  stm32f4xx_hal_tim.o(i.TIM_Base_SetConfig)
    TIM_ETR_SetConfig                        0x08003f9d   Thumb Code    20  stm32f4xx_hal_tim.o(i.TIM_ETR_SetConfig)
    Time                                     0x08004009   Thumb Code     8  sim_hardware.o(i.Time)
    UART_Start_Receive_DMA                   0x0800438d   Thumb Code   130  stm32f4xx_hal_uart.o(i.UART_Start_Receive_DMA)
    USART2_IRQHandler                        0x0800441d   Thumb Code    16  stm32f4xx_it.o(i.USART2_IRQHandler)
    USBD_CDC_GetDeviceQualifierDescriptor    0x08004535   Thumb Code     8  usbd_cdc.o(i.USBD_CDC_GetDeviceQualifierDescriptor)
    USBD_CDC_ReceivePacket                   0x08004607   Thumb Code    40  usbd_cdc.o(i.USBD_CDC_ReceivePacket)
    USBD_CDC_RegisterInterface               0x0800462f   Thumb Code    14  usbd_cdc.o(i.USBD_CDC_RegisterInterface)
    USBD_CDC_SetRxBuffer                     0x0800463d   Thumb Code    18  usbd_cdc.o(i.USBD_CDC_SetRxBuffer)
    USBD_CDC_SetTxBuffer                     0x0800464f   Thumb Code    22  usbd_cdc.o(i.USBD_CDC_SetTxBuffer)
    USBD_CDC_TransmitPacket                  0x08004723   Thumb Code    54  usbd_cdc.o(i.USBD_CDC_TransmitPacket)
    USBD_ClrClassConfig                      0x08004759   Thumb Code    16  usbd_core.o(i.USBD_ClrClassConfig)
    USBD_CtlContinueRx                       0x08004769   Thumb Code    16  usbd_ioreq.o(i.USBD_CtlContinueRx)
    USBD_CtlContinueSendData                 0x08004779   Thumb Code    16  usbd_ioreq.o(i.USBD_CtlContinueSendData)
    USBD_CtlError                            0x08004789   Thumb Code    22  usbd_ctlreq.o(i.USBD_CtlError)
    USBD_CtlPrepareRx                        0x0800479f   Thumb Code    30  usbd_ioreq.o(i.USBD_CtlPrepareRx)
    USBD_CtlReceiveStatus                    0x080047bd   Thumb Code    22  usbd_ioreq.o(i.USBD_CtlReceiveStatus)
    USBD_CtlSendData                         0x080047d3   Thumb Code    26  usbd_ioreq.o(i.USBD_CtlSendData)
    USBD_CtlSendStatus                       0x080047ed   Thumb Code    22  usbd_ioreq.o(i.USBD_CtlSendStatus)
    USBD_FS_ConfigStrDescriptor              0x08004805   Thumb Code    16  usbd_desc.o(i.USBD_FS_ConfigStrDescriptor)
    USBD_FS_DeviceDescriptor                 0x08004825   Thumb Code     8  usbd_desc.o(i.USBD_FS_DeviceDescriptor)
    USBD_FS_InterfaceStrDescriptor           0x08004831   Thumb Code    16  usbd_desc.o(i.USBD_FS_InterfaceStrDescriptor)
    USBD_FS_LangIDStrDescriptor              0x08004855   Thumb Code     8  usbd_desc.o(i.USBD_FS_LangIDStrDescriptor)
    USBD_FS_ManufacturerStrDescriptor        0x08004861   Thumb Code    16  usbd_desc.o(i.USBD_FS_ManufacturerStrDescriptor)
    USBD_FS_ProductStrDescriptor             0x08004889   Thumb Code    16  usbd_desc.o(i.USBD_FS_ProductStrDescriptor)
    USBD_FS_SerialStrDescriptor              0x080048b5   Thumb Code    48  usbd_desc.o(i.USBD_FS_SerialStrDescriptor)
    USBD_GetString                           0x080049d3   Thumb Code    72  usbd_ctlreq.o(i.USBD_GetString)
    USBD_Get_USB_Status                      0x08004a1b   Thumb Code    24  usbd_conf.o(i.USBD_Get_USB_Status)
    USBD_Init                                0x08004a33   Thumb Code    38  usbd_core.o(i.USBD_Init)
    USBD_LL_ClearStallEP                     0x08004a59   Thumb Code    18  usbd_conf.o(i.USBD_LL_ClearStallEP)
    USBD_LL_CloseEP                          0x08004a6b   Thumb Code    18  usbd_conf.o(i.USBD_LL_CloseEP)
    USBD_LL_DataInStage                      0x08004a7d   Thumb Code   168  usbd_core.o(i.USBD_LL_DataInStage)
    USBD_LL_DataOutStage                     0x08004b25   Thumb Code   108  usbd_core.o(i.USBD_LL_DataOutStage)
    USBD_LL_DevConnected                     0x08004b91   Thumb Code     4  usbd_core.o(i.USBD_LL_DevConnected)
    USBD_LL_DevDisconnected                  0x08004b95   Thumb Code    24  usbd_core.o(i.USBD_LL_DevDisconnected)
    USBD_LL_GetRxDataSize                    0x08004bad   Thumb Code     8  usbd_conf.o(i.USBD_LL_GetRxDataSize)
    USBD_LL_Init                             0x08004bb5   Thumb Code    90  usbd_conf.o(i.USBD_LL_Init)
    USBD_LL_IsStallEP                        0x08004c15   Thumb Code    32  usbd_conf.o(i.USBD_LL_IsStallEP)
    USBD_LL_IsoINIncomplete                  0x08004c35   Thumb Code    32  usbd_core.o(i.USBD_LL_IsoINIncomplete)
    USBD_LL_IsoOUTIncomplete                 0x08004c55   Thumb Code    32  usbd_core.o(i.USBD_LL_IsoOUTIncomplete)
    USBD_LL_OpenEP                           0x08004c75   Thumb Code    24  usbd_conf.o(i.USBD_LL_OpenEP)
    USBD_LL_PrepareReceive                   0x08004c8d   Thumb Code    18  usbd_conf.o(i.USBD_LL_PrepareReceive)
    USBD_LL_Reset                            0x08004c9f   Thumb Code    90  usbd_core.o(i.USBD_LL_Reset)
    USBD_LL_Resume                           0x08004cf9   Thumb Code    20  usbd_core.o(i.USBD_LL_Resume)
    USBD_LL_SOF                              0x08004d0d   Thumb Code    32  usbd_core.o(i.USBD_LL_SOF)
    USBD_LL_SetSpeed                         0x08004d2d   Thumb Code     6  usbd_core.o(i.USBD_LL_SetSpeed)
    USBD_LL_SetUSBAddress                    0x08004d33   Thumb Code    18  usbd_conf.o(i.USBD_LL_SetUSBAddress)
    USBD_LL_SetupStage                       0x08004d45   Thumb Code    96  usbd_core.o(i.USBD_LL_SetupStage)
    USBD_LL_StallEP                          0x08004da5   Thumb Code    18  usbd_conf.o(i.USBD_LL_StallEP)
    USBD_LL_Start                            0x08004db7   Thumb Code    18  usbd_conf.o(i.USBD_LL_Start)
    USBD_LL_Suspend                          0x08004dc9   Thumb Code    18  usbd_core.o(i.USBD_LL_Suspend)
    USBD_LL_Transmit                         0x08004ddb   Thumb Code    18  usbd_conf.o(i.USBD_LL_Transmit)
    USBD_ParseSetupRequest                   0x08004ded   Thumb Code    44  usbd_ctlreq.o(i.USBD_ParseSetupRequest)
    USBD_RegisterClass                       0x08004e19   Thumb Code    36  usbd_core.o(i.USBD_RegisterClass)
    USBD_SetClassConfig                      0x08004e3d   Thumb Code    20  usbd_core.o(i.USBD_SetClassConfig)
    USBD_Start                               0x08004f0d   Thumb Code     4  usbd_core.o(i.USBD_Start)
    USBD_StdDevReq                           0x08004f11   Thumb Code   276  usbd_ctlreq.o(i.USBD_StdDevReq)
    USBD_StdEPReq                            0x08005025   Thumb Code   320  usbd_ctlreq.o(i.USBD_StdEPReq)
    USBD_StdItfReq                           0x08005165   Thumb Code    82  usbd_ctlreq.o(i.USBD_StdItfReq)
    USBD_static_free                         0x080051b7   Thumb Code     2  usbd_conf.o(i.USBD_static_free)
    USBD_static_malloc                       0x080051b9   Thumb Code     4  usbd_conf.o(i.USBD_static_malloc)
    USB_ActivateEndpoint                     0x080051c1   Thumb Code   122  stm32f4xx_ll_usb.o(i.USB_ActivateEndpoint)
    USB_ActivateSetup                        0x08005241   Thumb Code    28  stm32f4xx_ll_usb.o(i.USB_ActivateSetup)
    USB_CoreInit                             0x0800525d   Thumb Code   112  stm32f4xx_ll_usb.o(i.USB_CoreInit)
    USB_DeactivateEndpoint                   0x08005311   Thumb Code   194  stm32f4xx_ll_usb.o(i.USB_DeactivateEndpoint)
    USB_DevConnect                           0x080053dd   Thumb Code    28  stm32f4xx_ll_usb.o(i.USB_DevConnect)
    USB_DevDisconnect                        0x080053f9   Thumb Code    28  stm32f4xx_ll_usb.o(i.USB_DevDisconnect)
    USB_DevInit                              0x08005415   Thumb Code   362  stm32f4xx_ll_usb.o(i.USB_DevInit)
    USB_DisableGlobalInt                     0x08005589   Thumb Code    12  stm32f4xx_ll_usb.o(i.USB_DisableGlobalInt)
    USB_EP0StartXfer                         0x08005595   Thumb Code   276  stm32f4xx_ll_usb.o(i.USB_EP0StartXfer)
    USB_EP0_OutStart                         0x080056ad   Thumb Code    84  stm32f4xx_ll_usb.o(i.USB_EP0_OutStart)
    USB_EPClearStall                         0x08005705   Thumb Code    88  stm32f4xx_ll_usb.o(i.USB_EPClearStall)
    USB_EPSetStall                           0x0800575d   Thumb Code    88  stm32f4xx_ll_usb.o(i.USB_EPSetStall)
    USB_EPStartXfer                          0x080057b5   Thumb Code   482  stm32f4xx_ll_usb.o(i.USB_EPStartXfer)
    USB_EnableGlobalInt                      0x0800599d   Thumb Code    12  stm32f4xx_ll_usb.o(i.USB_EnableGlobalInt)
    USB_FlushRxFifo                          0x080059a9   Thumb Code    36  stm32f4xx_ll_usb.o(i.USB_FlushRxFifo)
    USB_FlushTxFifo                          0x080059d1   Thumb Code    40  stm32f4xx_ll_usb.o(i.USB_FlushTxFifo)
    USB_GetDevSpeed                          0x080059fd   Thumb Code    26  stm32f4xx_ll_usb.o(i.USB_GetDevSpeed)
    USB_GetMode                              0x08005a17   Thumb Code     8  stm32f4xx_ll_usb.o(i.USB_GetMode)
    USB_ReadDevAllInEpInterrupt              0x08005a1f   Thumb Code    14  stm32f4xx_ll_usb.o(i.USB_ReadDevAllInEpInterrupt)
    USB_ReadDevAllOutEpInterrupt             0x08005a2d   Thumb Code    14  stm32f4xx_ll_usb.o(i.USB_ReadDevAllOutEpInterrupt)
    USB_ReadDevInEPInterrupt                 0x08005a3b   Thumb Code    36  stm32f4xx_ll_usb.o(i.USB_ReadDevInEPInterrupt)
    USB_ReadDevOutEPInterrupt                0x08005a5f   Thumb Code    16  stm32f4xx_ll_usb.o(i.USB_ReadDevOutEPInterrupt)
    USB_ReadInterrupts                       0x08005a6f   Thumb Code     8  stm32f4xx_ll_usb.o(i.USB_ReadInterrupts)
    USB_ReadPacket                           0x08005a77   Thumb Code    62  stm32f4xx_ll_usb.o(i.USB_ReadPacket)
    USB_SetCurrentMode                       0x08005ab5   Thumb Code    92  stm32f4xx_ll_usb.o(i.USB_SetCurrentMode)
    USB_SetDevAddress                        0x08005b11   Thumb Code    34  stm32f4xx_ll_usb.o(i.USB_SetDevAddress)
    USB_SetTurnaroundTime                    0x08005b35   Thumb Code   158  stm32f4xx_ll_usb.o(i.USB_SetTurnaroundTime)
    USB_WritePacket                          0x08005c1d   Thumb Code    40  stm32f4xx_ll_usb.o(i.USB_WritePacket)
    UsageFault_Handler                       0x08005c45   Thumb Code     2  stm32f4xx_it.o(i.UsageFault_Handler)
    _u0420_u040eloseGPRS                     0x08005c69   Thumb Code     8  sim_software.o(i._u0420_u040eloseGPRS)
    main                                     0x08005c75   Thumb Code   166  main.o(i.main)
    _get_lc_ctype                            0x08005d29   Thumb Code    44  lc_ctype_c.o(locale$$code)
    _fp_init                                 0x08005d55   Thumb Code    10  fpinit.o(x$fpl$fpinit)
    __fplib_config_fpu_vfp                   0x08005d5d   Thumb Code     0  fpinit.o(x$fpl$fpinit)
    __fplib_config_pureend_doubles           0x08005d5d   Thumb Code     0  fpinit.o(x$fpl$fpinit)
    AHBPrescTable                            0x08005d66   Data          16  system_stm32f4xx.o(.constdata)
    APBPrescTable                            0x08005d76   Data           8  system_stm32f4xx.o(.constdata)
    Region$$Table$$Base                      0x08006244   Number         0  anon$$obj.o(Region$$Table)
    Region$$Table$$Limit                     0x08006264   Number         0  anon$$obj.o(Region$$Table)
    __ctype                                  0x08006271   Data           0  lc_ctype_c.o(locale$$data)
    FS_Desc                                  0x20000000   Data          28  usbd_desc.o(.data)
    USBD_LangIDDesc                          0x2000001c   Data           4  usbd_desc.o(.data)
    USBD_FS_DeviceDesc                       0x20000020   Data          18  usbd_desc.o(.data)
    USBD_StringSerial                        0x20000034   Data          26  usbd_desc.o(.data)
    USBD_Interface_fops_FS                   0x20000050   Data          20  usbd_cdc_if.o(.data)
    uwTickFreq                               0x20000064   Data           1  stm32f4xx_hal.o(.data)
    uwTickPrio                               0x20000068   Data           4  stm32f4xx_hal.o(.data)
    uwTick                                   0x2000006c   Data           4  stm32f4xx_hal.o(.data)
    SystemCoreClock                          0x20000070   Data           4  system_stm32f4xx.o(.data)
    USBD_CDC                                 0x20000150   Data          56  usbd_cdc.o(.data)
    firstTxData                              0x20000188   Data           1  sim_hardware.o(.data)
    lastTxData                               0x20000189   Data           1  sim_hardware.o(.data)
    cdcRxCountPkg                            0x2000018a   Data           1  sim_hardware.o(.data)
    cdcTxIsReady                             0x2000018b   Data           1  sim_hardware.o(.data)
    cdcRxIsReady                             0x2000018c   Data           1  sim_hardware.o(.data)
    uartTxIsReady                            0x2000018d   Data           1  sim_hardware.o(.data)
    uartRxIsReady                            0x2000018e   Data           1  sim_hardware.o(.data)
    uartRxIsRollover                         0x2000018f   Data           1  sim_hardware.o(.data)
    isErrRxBufCDC                            0x20000190   Data           1  sim_hardware.o(.data)
    isErrRxBufUART                           0x20000191   Data           1  sim_hardware.o(.data)
    isErrUARTFE                              0x20000192   Data           1  sim_hardware.o(.data)
    timerErrUARTFE                           0x20000193   Data           1  sim_hardware.o(.data)
    pIntBuf                                  0x20000194   Data           1  sim_hardware.o(.data)
    uartRxPos                                0x20000196   Data           2  sim_hardware.o(.data)
    uartRxDataSize                           0x20000198   Data           2  sim_hardware.o(.data)
    cdcRxDataSize                            0x2000019a   Data           2  sim_hardware.o(.data)
    tim                                      0x2000019c   Data           4  sim_hardware.o(.data)
    uart                                     0x200001a0   Data           4  sim_hardware.o(.data)
    cdcRxPos                                 0x200001a4   Data           4  sim_hardware.o(.data)
    timer                                    0x200001a8   Data           8  sim_hardware.o(.data)
    firstQueueATCmd                          0x200001b0   Data           1  sim_software.o(.data)
    lastQueueATCmd                           0x200001b1   Data           1  sim_software.o(.data)
    countATCmd                               0x200001b2   Data           1  sim_software.o(.data)
    firstQueueATProg                         0x200001b3   Data           1  sim_software.o(.data)
    lastQueueATProg                          0x200001b4   Data           1  sim_software.o(.data)
    countATProg                              0x200001b5   Data           1  sim_software.o(.data)
    cmdIsWaitResp                            0x200001b6   Data           1  sim_software.o(.data)
    isCheckTimeout                           0x200001b7   Data           1  sim_software.o(.data)
    errorCounter                             0x200001b8   Data           1  sim_software.o(.data)
    modeTCP                                  0x200001b9   Data           1  sim_software.o(.data)
    isUserInput                              0x200001ba   Data           1  sim_software.o(.data)
    userInputSize                            0x200001bc   Data           2  sim_software.o(.data)
    timerPkg                                 0x200001c0   Data           4  sim_software.o(.data)
    timerPkgAll                              0x200001c4   Data           4  sim_software.o(.data)
    numberPkg                                0x200001c8   Data           4  sim_software.o(.data)
    response                                 0x200001cc   Data           4  sim_software.o(.data)
    OKSEND                                   0x200001d0   Data           7  sim_software.o(.data)
    timerTimeout                             0x200001d8   Data           8  sim_software.o(.data)
    timerTCP                                 0x200001e0   Data           8  sim_software.o(.data)
    initSim                                  0x200001e8   Data          60  sim_software.o(.data)
    openGPRS                                 0x20000224   Data          60  sim_software.o(.data)
    closeGPRS                                0x20000260   Data          20  sim_software.o(.data)
    sendTCP                                  0x20000274   Data          60  sim_software.o(.data)
    countCmd                                 0x200002c8   Data           4  sim_main.o(.data)
    commands                                 0x200002cc   Data         160  sim_main.o(.data)
    htim2                                    0x2000036c   Data          72  main.o(.bss)
    huart2                                   0x200003b4   Data          68  main.o(.bss)
    hdma_usart2_tx                           0x200003f8   Data          96  main.o(.bss)
    hdma_usart2_rx                           0x20000458   Data          96  main.o(.bss)
    hUsbDeviceFS                             0x200004b8   Data         720  usb_device.o(.bss)
    hpcd_USB_OTG_FS                          0x200009a8   Data        1032  usbd_conf.o(.bss)
    USBD_StrDesc                             0x20000db0   Data         512  usbd_desc.o(.bss)
    UserRxBufferFS                           0x20000fb0   Data        2048  usbd_cdc_if.o(.bss)
    UserTxBufferFS                           0x200017b0   Data        2048  usbd_cdc_if.o(.bss)
    intBuf                                   0x20001fb0   Data          15  sim_hardware.o(.bss)
    cdcTxData                                0x20001fc0   Data        1020  sim_hardware.o(.bss)
    cdcRxData                                0x200023bc   Data         640  sim_hardware.o(.bss)
    uartRxBuffer                             0x2000263c   Data        1024  sim_hardware.o(.bss)
    uartRxData                               0x20002a3c   Data        1024  sim_hardware.o(.bss)
    softBuffer                               0x20002e3c   Data        1536  sim_software.o(.bss)
    CIPSTART                                 0x2000343c   Data          45  sim_software.o(.bss)
    IPPORT                                   0x20003469   Data          35  sim_software.o(.bss)
    queueATCmd                               0x2000348c   Data        1020  sim_software.o(.bss)
    queueATProg                              0x20003888   Data         512  sim_software.o(.bss)
    __libspace_start                         0x20003a88   Data          96  libspace.o(.bss)
    __temporary_stack_top$libspace           0x20003ae8   Data           0  libspace.o(.bss)



==============================================================================

Memory Map of the image

  Image Entry point : 0x08000199

  Load Region LR_IROM1 (Base: 0x08000000, Size: 0x000066e0, Max: 0x00080000, ABSOLUTE, COMPRESSED[0x00006520])

    Execution Region ER_IROM1 (Exec base: 0x08000000, Load base: 0x08000000, Size: 0x00006374, Max: 0x00080000, ABSOLUTE)

    Exec Addr    Load Addr    Size         Type   Attr      Idx    E Section Name        Object

    0x08000000   0x08000000   0x00000198   Data   RO            3    RESET               startup_stm32f411xe.o
    0x08000198   0x08000198   0x00000008   Code   RO         4806  * !!!main             c_w.l(__main.o)
    0x080001a0   0x080001a0   0x00000034   Code   RO         5053    !!!scatter          c_w.l(__scatter.o)
    0x080001d4   0x080001d4   0x0000005a   Code   RO         5051    !!dczerorl2         c_w.l(__dczerorl2.o)
    0x0800022e   0x0800022e   0x00000002   PAD
    0x08000230   0x08000230   0x0000001c   Code   RO         5055    !!handler_zi        c_w.l(__scatter_zi.o)
    0x0800024c   0x0800024c   0x00000000   Code   RO         4787    .ARM.Collect$$_printf_percent$$00000000  c_w.l(_printf_percent.o)
    0x0800024c   0x0800024c   0x00000006   Code   RO         4786    .ARM.Collect$$_printf_percent$$00000009  c_w.l(_printf_d.o)
    0x08000252   0x08000252   0x00000006   Code   RO         4785    .ARM.Collect$$_printf_percent$$00000014  c_w.l(_printf_s.o)
    0x08000258   0x08000258   0x00000004   Code   RO         4853    .ARM.Collect$$_printf_percent$$00000017  c_w.l(_printf_percent_end.o)
    0x0800025c   0x0800025c   0x00000002   Code   RO         4988    .ARM.Collect$$libinit$$00000000  c_w.l(libinit.o)
    0x0800025e   0x0800025e   0x00000004   Code   RO         4858    .ARM.Collect$$libinit$$00000001  c_w.l(libinit2.o)
    0x08000262   0x08000262   0x00000000   Code   RO         4861    .ARM.Collect$$libinit$$00000004  c_w.l(libinit2.o)
    0x08000262   0x08000262   0x00000008   Code   RO         4862    .ARM.Collect$$libinit$$00000005  c_w.l(libinit2.o)
    0x0800026a   0x0800026a   0x00000000   Code   RO         4864    .ARM.Collect$$libinit$$0000000A  c_w.l(libinit2.o)
    0x0800026a   0x0800026a   0x00000000   Code   RO         4866    .ARM.Collect$$libinit$$0000000C  c_w.l(libinit2.o)
    0x0800026a   0x0800026a   0x00000000   Code   RO         4868    .ARM.Collect$$libinit$$0000000E  c_w.l(libinit2.o)
    0x0800026a   0x0800026a   0x00000006   Code   RO         4869    .ARM.Collect$$libinit$$0000000F  c_w.l(libinit2.o)
    0x08000270   0x08000270   0x00000000   Code   RO         4871    .ARM.Collect$$libinit$$00000011  c_w.l(libinit2.o)
    0x08000270   0x08000270   0x0000000c   Code   RO         4872    .ARM.Collect$$libinit$$00000012  c_w.l(libinit2.o)
    0x0800027c   0x0800027c   0x00000000   Code   RO         4873    .ARM.Collect$$libinit$$00000013  c_w.l(libinit2.o)
    0x0800027c   0x0800027c   0x00000000   Code   RO         4875    .ARM.Collect$$libinit$$00000015  c_w.l(libinit2.o)
    0x0800027c   0x0800027c   0x00000000   Code   RO         4877    .ARM.Collect$$libinit$$00000017  c_w.l(libinit2.o)
    0x0800027c   0x0800027c   0x00000000   Code   RO         4879    .ARM.Collect$$libinit$$00000019  c_w.l(libinit2.o)
    0x0800027c   0x0800027c   0x00000000   Code   RO         4881    .ARM.Collect$$libinit$$0000001B  c_w.l(libinit2.o)
    0x0800027c   0x0800027c   0x00000000   Code   RO         4883    .ARM.Collect$$libinit$$0000001D  c_w.l(libinit2.o)
    0x0800027c   0x0800027c   0x00000000   Code   RO         4885    .ARM.Collect$$libinit$$0000001F  c_w.l(libinit2.o)
    0x0800027c   0x0800027c   0x00000000   Code   RO         4887    .ARM.Collect$$libinit$$00000021  c_w.l(libinit2.o)
    0x0800027c   0x0800027c   0x00000000   Code   RO         4889    .ARM.Collect$$libinit$$00000023  c_w.l(libinit2.o)
    0x0800027c   0x0800027c   0x00000000   Code   RO         4891    .ARM.Collect$$libinit$$00000025  c_w.l(libinit2.o)
    0x0800027c   0x0800027c   0x00000000   Code   RO         4895    .ARM.Collect$$libinit$$0000002C  c_w.l(libinit2.o)
    0x0800027c   0x0800027c   0x00000000   Code   RO         4897    .ARM.Collect$$libinit$$0000002E  c_w.l(libinit2.o)
    0x0800027c   0x0800027c   0x00000000   Code   RO         4899    .ARM.Collect$$libinit$$00000030  c_w.l(libinit2.o)
    0x0800027c   0x0800027c   0x00000000   Code   RO         4901    .ARM.Collect$$libinit$$00000032  c_w.l(libinit2.o)
    0x0800027c   0x0800027c   0x00000002   Code   RO         4902    .ARM.Collect$$libinit$$00000033  c_w.l(libinit2.o)
    0x0800027e   0x0800027e   0x00000002   Code   RO         5048    .ARM.Collect$$libshutdown$$00000000  c_w.l(libshutdown.o)
    0x08000280   0x08000280   0x00000000   Code   RO         5004    .ARM.Collect$$libshutdown$$00000002  c_w.l(libshutdown2.o)
    0x08000280   0x08000280   0x00000000   Code   RO         5006    .ARM.Collect$$libshutdown$$00000004  c_w.l(libshutdown2.o)
    0x08000280   0x08000280   0x00000000   Code   RO         5008    .ARM.Collect$$libshutdown$$00000006  c_w.l(libshutdown2.o)
    0x08000280   0x08000280   0x00000000   Code   RO         5011    .ARM.Collect$$libshutdown$$00000009  c_w.l(libshutdown2.o)
    0x08000280   0x08000280   0x00000000   Code   RO         5014    .ARM.Collect$$libshutdown$$0000000C  c_w.l(libshutdown2.o)
    0x08000280   0x08000280   0x00000000   Code   RO         5016    .ARM.Collect$$libshutdown$$0000000E  c_w.l(libshutdown2.o)
    0x08000280   0x08000280   0x00000000   Code   RO         5019    .ARM.Collect$$libshutdown$$00000011  c_w.l(libshutdown2.o)
    0x08000280   0x08000280   0x00000002   Code   RO         5020    .ARM.Collect$$libshutdown$$00000012  c_w.l(libshutdown2.o)
    0x08000282   0x08000282   0x00000000   Code   RO         4810    .ARM.Collect$$rtentry$$00000000  c_w.l(__rtentry.o)
    0x08000282   0x08000282   0x00000000   Code   RO         4909    .ARM.Collect$$rtentry$$00000002  c_w.l(__rtentry2.o)
    0x08000282   0x08000282   0x00000006   Code   RO         4921    .ARM.Collect$$rtentry$$00000004  c_w.l(__rtentry4.o)
    0x08000288   0x08000288   0x00000000   Code   RO         4911    .ARM.Collect$$rtentry$$00000009  c_w.l(__rtentry2.o)
    0x08000288   0x08000288   0x00000004   Code   RO         4912    .ARM.Collect$$rtentry$$0000000A  c_w.l(__rtentry2.o)
    0x0800028c   0x0800028c   0x00000000   Code   RO         4914    .ARM.Collect$$rtentry$$0000000C  c_w.l(__rtentry2.o)
    0x0800028c   0x0800028c   0x00000008   Code   RO         4915    .ARM.Collect$$rtentry$$0000000D  c_w.l(__rtentry2.o)
    0x08000294   0x08000294   0x00000002   Code   RO         4991    .ARM.Collect$$rtexit$$00000000  c_w.l(rtexit.o)
    0x08000296   0x08000296   0x00000000   Code   RO         5024    .ARM.Collect$$rtexit$$00000002  c_w.l(rtexit2.o)
    0x08000296   0x08000296   0x00000004   Code   RO         5025    .ARM.Collect$$rtexit$$00000003  c_w.l(rtexit2.o)
    0x0800029a   0x0800029a   0x00000006   Code   RO         5026    .ARM.Collect$$rtexit$$00000004  c_w.l(rtexit2.o)
    0x080002a0   0x080002a0   0x00000000   Code   RO         4929    .emb_text           c_w.l(maybetermalloc1.o)
    0x080002a0   0x080002a0   0x00000040   Code   RO            4    .text               startup_stm32f411xe.o
    0x080002e0   0x080002e0   0x0000005e   Code   RO         4695    .text               c_w.l(h1_alloc.o)
    0x0800033e   0x0800033e   0x0000004e   Code   RO         4697    .text               c_w.l(h1_free.o)
    0x0800038c   0x0800038c   0x000000ee   Code   RO         4753    .text               c_w.l(lludivv7m.o)
    0x0800047a   0x0800047a   0x00000002   PAD
    0x0800047c   0x0800047c   0x0000002c   Code   RO         4755    .text               c_w.l(__2sprintf.o)
    0x080004a8   0x080004a8   0x00000068   Code   RO         4759    .text               c_w.l(__printf.o)
    0x08000510   0x08000510   0x00000052   Code   RO         4761    .text               c_w.l(_printf_str.o)
    0x08000562   0x08000562   0x00000002   PAD
    0x08000564   0x08000564   0x00000078   Code   RO         4763    .text               c_w.l(_printf_dec.o)
    0x080005dc   0x080005dc   0x0000001a   Code   RO         4788    .text               c_w.l(atoi.o)
    0x080005f6   0x080005f6   0x00000024   Code   RO         4790    .text               c_w.l(strstr.o)
    0x0800061a   0x0800061a   0x00000048   Code   RO         4792    .text               c_w.l(strcpy.o)
    0x08000662   0x08000662   0x0000003e   Code   RO         4794    .text               c_w.l(strlen.o)
    0x080006a0   0x080006a0   0x0000008a   Code   RO         4796    .text               c_w.l(rt_memcpy_v6.o)
    0x0800072a   0x0800072a   0x00000064   Code   RO         4798    .text               c_w.l(rt_memcpy_w.o)
    0x0800078e   0x0800078e   0x0000004e   Code   RO         4800    .text               c_w.l(rt_memclr_w.o)
    0x080007dc   0x080007dc   0x00000080   Code   RO         4802    .text               c_w.l(strcmpv7m.o)
    0x0800085c   0x0800085c   0x00000006   Code   RO         4804    .text               c_w.l(heapauxi.o)
    0x08000862   0x08000862   0x00000002   PAD
    0x08000864   0x08000864   0x00000008   Code   RO         4818    .text               c_w.l(rt_heap_descriptor_intlibspace.o)
    0x0800086c   0x0800086c   0x00000008   Code   RO         4823    .text               c_w.l(rt_errno_addr_intlibspace.o)
    0x08000874   0x08000874   0x00000004   Code   RO         4825    .text               c_w.l(hguard.o)
    0x08000878   0x08000878   0x0000008a   Code   RO         4827    .text               c_w.l(init_alloc.o)
    0x08000902   0x08000902   0x0000000e   Code   RO         4831    .text               c_w.l(h1_init.o)
    0x08000910   0x08000910   0x000000b2   Code   RO         4845    .text               c_w.l(_printf_intcommon.o)
    0x080009c2   0x080009c2   0x00000002   PAD
    0x080009c4   0x080009c4   0x00000030   Code   RO         4847    .text               c_w.l(_printf_char_common.o)
    0x080009f4   0x080009f4   0x0000000a   Code   RO         4849    .text               c_w.l(_sputc.o)
    0x080009fe   0x080009fe   0x0000002c   Code   RO         4851    .text               c_w.l(_printf_char.o)
    0x08000a2a   0x08000a2a   0x00000070   Code   RO         4854    .text               c_w.l(strtol.o)
    0x08000a9a   0x08000a9a   0x00000002   PAD
    0x08000a9c   0x08000a9c   0x00000008   Code   RO         4905    .text               c_w.l(libspace.o)
    0x08000aa4   0x08000aa4   0x00000010   Code   RO         4923    .text               c_w.l(rt_ctype_table.o)
    0x08000ab4   0x08000ab4   0x00000034   Code   RO         4931    .text               c_w.l(h1_extend.o)
    0x08000ae8   0x08000ae8   0x0000009e   Code   RO         4937    .text               c_w.l(_strtoul.o)
    0x08000b86   0x08000b86   0x0000000e   Code   RO         4939    .text               c_w.l(defsig_rtmem_outer.o)
    0x08000b94   0x08000b94   0x00000002   Code   RO         4950    .text               c_w.l(use_no_semi.o)
    0x08000b96   0x08000b96   0x00000000   Code   RO         4952    .text               c_w.l(indicate_semi.o)
    0x08000b96   0x08000b96   0x0000004a   Code   RO         4953    .text               c_w.l(sys_stackheap_outer.o)
    0x08000be0   0x08000be0   0x00000008   Code   RO         4960    .text               c_w.l(rt_locale_intlibspace.o)
    0x08000be8   0x08000be8   0x0000001c   Code   RO         4964    .text               c_w.l(_chval.o)
    0x08000c04   0x08000c04   0x00000012   Code   RO         4969    .text               c_w.l(exit.o)
    0x08000c16   0x08000c16   0x0000000a   Code   RO         4971    .text               c_w.l(defsig_exit.o)
    0x08000c20   0x08000c20   0x00000050   Code   RO         4977    .text               c_w.l(defsig_rtmem_inner.o)
    0x08000c70   0x08000c70   0x0000000c   Code   RO         4989    .text               c_w.l(sys_exit.o)
    0x08000c7c   0x08000c7c   0x00000032   Code   RO         4999    .text               c_w.l(defsig_general.o)
    0x08000cae   0x08000cae   0x0000000e   Code   RO         5021    .text               c_w.l(sys_wrch.o)
    0x08000cbc   0x08000cbc   0x00000064   Code   RO         4425    i.AddToBeginQueue   sim_software.o
    0x08000d20   0x08000d20   0x00000064   Code   RO         4426    i.AddToEndQueue     sim_software.o
    0x08000d84   0x08000d84   0x00000040   Code   RO         4427    i.BegUserInput      sim_software.o
    0x08000dc4   0x08000dc4   0x00000002   Code   RO          591    i.BusFault_Handler  stm32f4xx_it.o
    0x08000dc6   0x08000dc6   0x00000004   Code   RO          534    i.CDC_Control_FS    usbd_cdc_if.o
    0x08000dca   0x08000dca   0x00000004   Code   RO          535    i.CDC_DeInit_FS     usbd_cdc_if.o
    0x08000dce   0x08000dce   0x00000002   PAD
    0x08000dd0   0x08000dd0   0x00000024   Code   RO          536    i.CDC_Init_FS       usbd_cdc_if.o
    0x08000df4   0x08000df4   0x00000024   Code   RO          537    i.CDC_Receive_FS    usbd_cdc_if.o
    0x08000e18   0x08000e18   0x0000000a   Code   RO          538    i.CDC_TransmitCplt_FS  usbd_cdc_if.o
    0x08000e22   0x08000e22   0x00000002   PAD
    0x08000e24   0x08000e24   0x0000002c   Code   RO          539    i.CDC_Transmit_FS   usbd_cdc_if.o
    0x08000e50   0x08000e50   0x00000034   Code   RO         4428    i.CancelProgram     sim_software.o
    0x08000e84   0x08000e84   0x00000060   Code   RO         4637    i.CommandCallback   sim_main.o
    0x08000ee4   0x08000ee4   0x0000000c   Code   RO          592    i.DMA1_Stream5_IRQHandler  stm32f4xx_it.o
    0x08000ef0   0x08000ef0   0x0000000c   Code   RO          593    i.DMA1_Stream6_IRQHandler  stm32f4xx_it.o
    0x08000efc   0x08000efc   0x00000028   Code   RO         1824    i.DMA_CalcBaseAndBitshift  stm32f4xx_hal_dma.o
    0x08000f24   0x08000f24   0x00000054   Code   RO         1825    i.DMA_CheckFifoParam  stm32f4xx_hal_dma.o
    0x08000f78   0x08000f78   0x00000028   Code   RO         1826    i.DMA_SetConfig     stm32f4xx_hal_dma.o
    0x08000fa0   0x08000fa0   0x00000002   Code   RO          594    i.DebugMon_Handler  stm32f4xx_it.o
    0x08000fa2   0x08000fa2   0x00000002   PAD
    0x08000fa4   0x08000fa4   0x00000038   Code   RO         4429    i.ErrCSTT           sim_software.o
    0x08000fdc   0x08000fdc   0x00000004   Code   RO           13    i.Error_Handler     main.o
    0x08000fe0   0x08000fe0   0x0000005c   Code   RO         4267    i.FormatBuffer      sim_hardware.o
    0x0800103c   0x0800103c   0x0000000c   Code   RO         4430    i.GetIPPort         sim_software.o
    0x08001048   0x08001048   0x00000034   Code   RO         4431    i.GetPCBuf          sim_software.o
    0x0800107c   0x0800107c   0x00000034   Code   RO         4432    i.GetSIMBuf         sim_software.o
    0x080010b0   0x080010b0   0x00000092   Code   RO         1827    i.HAL_DMA_Abort     stm32f4xx_hal_dma.o
    0x08001142   0x08001142   0x00000024   Code   RO         1828    i.HAL_DMA_Abort_IT  stm32f4xx_hal_dma.o
    0x08001166   0x08001166   0x00000002   PAD
    0x08001168   0x08001168   0x000001a0   Code   RO         1832    i.HAL_DMA_IRQHandler  stm32f4xx_hal_dma.o
    0x08001308   0x08001308   0x000000d4   Code   RO         1833    i.HAL_DMA_Init      stm32f4xx_hal_dma.o
    0x080013dc   0x080013dc   0x0000006e   Code   RO         1837    i.HAL_DMA_Start_IT  stm32f4xx_hal_dma.o
    0x0800144a   0x0800144a   0x00000002   PAD
    0x0800144c   0x0800144c   0x00000024   Code   RO         2270    i.HAL_Delay         stm32f4xx_hal.o
    0x08001470   0x08001470   0x000001e0   Code   RO         1720    i.HAL_GPIO_Init     stm32f4xx_hal_gpio.o
    0x08001650   0x08001650   0x0000000c   Code   RO         2276    i.HAL_GetTick       stm32f4xx_hal.o
    0x0800165c   0x0800165c   0x00000010   Code   RO         2282    i.HAL_IncTick       stm32f4xx_hal.o
    0x0800166c   0x0800166c   0x00000034   Code   RO         2283    i.HAL_Init          stm32f4xx_hal.o
    0x080016a0   0x080016a0   0x00000040   Code   RO         2284    i.HAL_InitTick      stm32f4xx_hal.o
    0x080016e0   0x080016e0   0x00000030   Code   RO          697    i.HAL_MspInit       stm32f4xx_hal_msp.o
    0x08001710   0x08001710   0x0000001a   Code   RO         2133    i.HAL_NVIC_EnableIRQ  stm32f4xx_hal_cortex.o
    0x0800172a   0x0800172a   0x00000002   PAD
    0x0800172c   0x0800172c   0x00000040   Code   RO         2139    i.HAL_NVIC_SetPriority  stm32f4xx_hal_cortex.o
    0x0800176c   0x0800176c   0x00000024   Code   RO         2140    i.HAL_NVIC_SetPriorityGrouping  stm32f4xx_hal_cortex.o
    0x08001790   0x08001790   0x00000002   Code   RO          973    i.HAL_PCDEx_LPM_Callback  stm32f4xx_hal_pcd_ex.o
    0x08001792   0x08001792   0x00000008   Code   RO          974    i.HAL_PCDEx_SetRxFiFo  stm32f4xx_hal_pcd_ex.o
    0x0800179a   0x0800179a   0x00000044   Code   RO          975    i.HAL_PCDEx_SetTxFiFo  stm32f4xx_hal_pcd_ex.o
    0x080017de   0x080017de   0x00000008   Code   RO          241    i.HAL_PCD_ConnectCallback  usbd_conf.o
    0x080017e6   0x080017e6   0x00000012   Code   RO          242    i.HAL_PCD_DataInStageCallback  usbd_conf.o
    0x080017f8   0x080017f8   0x00000014   Code   RO          243    i.HAL_PCD_DataOutStageCallback  usbd_conf.o
    0x0800180c   0x0800180c   0x00000008   Code   RO          244    i.HAL_PCD_DisconnectCallback  usbd_conf.o
    0x08001814   0x08001814   0x0000004c   Code   RO          755    i.HAL_PCD_EP_Close  stm32f4xx_hal_pcd.o
    0x08001860   0x08001860   0x0000005c   Code   RO          756    i.HAL_PCD_EP_ClrStall  stm32f4xx_hal_pcd.o
    0x080018bc   0x080018bc   0x00000012   Code   RO          758    i.HAL_PCD_EP_GetRxCount  stm32f4xx_hal_pcd.o
    0x080018ce   0x080018ce   0x00000060   Code   RO          759    i.HAL_PCD_EP_Open   stm32f4xx_hal_pcd.o
    0x0800192e   0x0800192e   0x00000048   Code   RO          760    i.HAL_PCD_EP_Receive  stm32f4xx_hal_pcd.o
    0x08001976   0x08001976   0x00000074   Code   RO          761    i.HAL_PCD_EP_SetStall  stm32f4xx_hal_pcd.o
    0x080019ea   0x080019ea   0x00000040   Code   RO          762    i.HAL_PCD_EP_Transmit  stm32f4xx_hal_pcd.o
    0x08001a2a   0x08001a2a   0x00000002   PAD
    0x08001a2c   0x08001a2c   0x00000434   Code   RO          764    i.HAL_PCD_IRQHandler  stm32f4xx_hal_pcd.o
    0x08001e60   0x08001e60   0x00000008   Code   RO          245    i.HAL_PCD_ISOINIncompleteCallback  usbd_conf.o
    0x08001e68   0x08001e68   0x00000008   Code   RO          246    i.HAL_PCD_ISOOUTIncompleteCallback  usbd_conf.o
    0x08001e70   0x08001e70   0x000000e2   Code   RO          767    i.HAL_PCD_Init      stm32f4xx_hal_pcd.o
    0x08001f52   0x08001f52   0x00000002   PAD
    0x08001f54   0x08001f54   0x00000084   Code   RO          248    i.HAL_PCD_MspInit   usbd_conf.o
    0x08001fd8   0x08001fd8   0x00000026   Code   RO          249    i.HAL_PCD_ResetCallback  usbd_conf.o
    0x08001ffe   0x08001ffe   0x00000008   Code   RO          250    i.HAL_PCD_ResumeCallback  usbd_conf.o
    0x08002006   0x08002006   0x00000008   Code   RO          251    i.HAL_PCD_SOFCallback  usbd_conf.o
    0x0800200e   0x0800200e   0x00000028   Code   RO          773    i.HAL_PCD_SetAddress  stm32f4xx_hal_pcd.o
    0x08002036   0x08002036   0x0000000e   Code   RO          252    i.HAL_PCD_SetupStageCallback  usbd_conf.o
    0x08002044   0x08002044   0x00000042   Code   RO          775    i.HAL_PCD_Start     stm32f4xx_hal_pcd.o
    0x08002086   0x08002086   0x00000002   PAD
    0x08002088   0x08002088   0x00000030   Code   RO          253    i.HAL_PCD_SuspendCallback  usbd_conf.o
    0x080020b8   0x080020b8   0x00000134   Code   RO         1312    i.HAL_RCC_ClockConfig  stm32f4xx_hal_rcc.o
    0x080021ec   0x080021ec   0x0000000c   Code   RO         1317    i.HAL_RCC_GetHCLKFreq  stm32f4xx_hal_rcc.o
    0x080021f8   0x080021f8   0x00000020   Code   RO         1319    i.HAL_RCC_GetPCLK1Freq  stm32f4xx_hal_rcc.o
    0x08002218   0x08002218   0x00000020   Code   RO         1320    i.HAL_RCC_GetPCLK2Freq  stm32f4xx_hal_rcc.o
    0x08002238   0x08002238   0x00000064   Code   RO         1321    i.HAL_RCC_GetSysClockFreq  stm32f4xx_hal_rcc.o
    0x0800229c   0x0800229c   0x0000036c   Code   RO         1324    i.HAL_RCC_OscConfig  stm32f4xx_hal_rcc.o
    0x08002608   0x08002608   0x00000028   Code   RO         2144    i.HAL_SYSTICK_Config  stm32f4xx_hal_cortex.o
    0x08002630   0x08002630   0x00000002   Code   RO         3227    i.HAL_TIMEx_BreakCallback  stm32f4xx_hal_tim_ex.o
    0x08002632   0x08002632   0x00000002   Code   RO         3228    i.HAL_TIMEx_CommutCallback  stm32f4xx_hal_tim_ex.o
    0x08002634   0x08002634   0x0000007c   Code   RO         3246    i.HAL_TIMEx_MasterConfigSynchronization  stm32f4xx_hal_tim_ex.o
    0x080026b0   0x080026b0   0x0000005a   Code   RO         2523    i.HAL_TIM_Base_Init  stm32f4xx_hal_tim.o
    0x0800270a   0x0800270a   0x00000002   PAD
    0x0800270c   0x0800270c   0x00000038   Code   RO          699    i.HAL_TIM_Base_MspInit  stm32f4xx_hal_msp.o
    0x08002744   0x08002744   0x0000006c   Code   RO         2528    i.HAL_TIM_Base_Start_IT  stm32f4xx_hal_tim.o
    0x080027b0   0x080027b0   0x000000dc   Code   RO         2532    i.HAL_TIM_ConfigClockSource  stm32f4xx_hal_tim.o
    0x0800288c   0x0800288c   0x00000002   Code   RO         2557    i.HAL_TIM_IC_CaptureCallback  stm32f4xx_hal_tim.o
    0x0800288e   0x0800288e   0x00000166   Code   RO         2571    i.HAL_TIM_IRQHandler  stm32f4xx_hal_tim.o
    0x080029f4   0x080029f4   0x00000002   Code   RO         2574    i.HAL_TIM_OC_DelayElapsedCallback  stm32f4xx_hal_tim.o
    0x080029f6   0x080029f6   0x00000002   Code   RO         2601    i.HAL_TIM_PWM_PulseFinishedCallback  stm32f4xx_hal_tim.o
    0x080029f8   0x080029f8   0x00000020   Code   RO         4268    i.HAL_TIM_PeriodElapsedCallback  sim_hardware.o
    0x08002a18   0x08002a18   0x00000002   Code   RO         2614    i.HAL_TIM_TriggerCallback  stm32f4xx_hal_tim.o
    0x08002a1a   0x08002a1a   0x00000002   Code   RO         3505    i.HAL_UARTEx_RxEventCallback  stm32f4xx_hal_uart.o
    0x08002a1c   0x08002a1c   0x00000014   Code   RO         4269    i.HAL_UART_ErrorCallback  sim_hardware.o
    0x08002a30   0x08002a30   0x00000268   Code   RO         3522    i.HAL_UART_IRQHandler  stm32f4xx_hal_uart.o
    0x08002c98   0x08002c98   0x00000062   Code   RO         3523    i.HAL_UART_Init     stm32f4xx_hal_uart.o
    0x08002cfa   0x08002cfa   0x00000002   PAD
    0x08002cfc   0x08002cfc   0x000000e8   Code   RO          701    i.HAL_UART_MspInit  stm32f4xx_hal_msp.o
    0x08002de4   0x08002de4   0x0000002a   Code   RO         3527    i.HAL_UART_Receive_DMA  stm32f4xx_hal_uart.o
    0x08002e0e   0x08002e0e   0x00000002   PAD
    0x08002e10   0x08002e10   0x000000a0   Code   RO         4270    i.HAL_UART_RxCpltCallback  sim_hardware.o
    0x08002eb0   0x08002eb0   0x00000002   Code   RO         3530    i.HAL_UART_RxHalfCpltCallback  stm32f4xx_hal_uart.o
    0x08002eb2   0x08002eb2   0x00000002   PAD
    0x08002eb4   0x08002eb4   0x0000008c   Code   RO         3532    i.HAL_UART_Transmit_DMA  stm32f4xx_hal_uart.o
    0x08002f40   0x08002f40   0x0000000c   Code   RO         4271    i.HAL_UART_TxCpltCallback  sim_hardware.o
    0x08002f4c   0x08002f4c   0x00000002   Code   RO         3535    i.HAL_UART_TxHalfCpltCallback  stm32f4xx_hal_uart.o
    0x08002f4e   0x08002f4e   0x00000002   Code   RO          595    i.HardFault_Handler  stm32f4xx_it.o
    0x08002f50   0x08002f50   0x0000010c   Code   RO         4638    i.Help              sim_main.o
    0x0800305c   0x0800305c   0x00000058   Code   RO         4639    i.Init              sim_main.o
    0x080030b4   0x080030b4   0x00000018   Code   RO         4433    i.InitSIM           sim_software.o
    0x080030cc   0x080030cc   0x00000038   Code   RO         4434    i.Init_u0420_u040eompl  sim_software.o
    0x08003104   0x08003104   0x00000038   Code   RO          448    i.IntToUnicode      usbd_desc.o
    0x0800313c   0x0800313c   0x0000000c   Code   RO         4435    i.IsUserInput       sim_software.o
    0x08003148   0x08003148   0x000000a4   Code   RO         4436    i.Loop              sim_software.o
    0x080031ec   0x080031ec   0x00000068   Code   RO           14    i.MX_TIM2_Init      main.o
    0x08003254   0x08003254   0x00000054   Code   RO          210    i.MX_USB_DEVICE_Init  usb_device.o
    0x080032a8   0x080032a8   0x00000002   Code   RO          596    i.MemManage_Handler  stm32f4xx_it.o
    0x080032aa   0x080032aa   0x00000002   Code   RO          597    i.NMI_Handler       stm32f4xx_it.o
    0x080032ac   0x080032ac   0x0000001c   Code   RO         4437    i.NoError           sim_software.o
    0x080032c8   0x080032c8   0x0000000c   Code   RO          598    i.OTG_FS_IRQHandler  stm32f4xx_it.o
    0x080032d4   0x080032d4   0x0000000c   Code   RO         4438    i.OpenGPRS          sim_software.o
    0x080032e0   0x080032e0   0x000000cc   Code   RO          779    i.PCD_EP_OutXfrComplete_int  stm32f4xx_hal_pcd.o
    0x080033ac   0x080033ac   0x000000a2   Code   RO          780    i.PCD_WriteEmptyTxFifo  stm32f4xx_hal_pcd.o
    0x0800344e   0x0800344e   0x00000002   PAD
    0x08003450   0x08003450   0x00000120   Code   RO         4640    i.ParseCmd          sim_main.o
    0x08003570   0x08003570   0x00000138   Code   RO         4439    i.ParseResponce     sim_software.o
    0x080036a8   0x080036a8   0x00000002   Code   RO          599    i.PendSV_Handler    stm32f4xx_it.o
    0x080036aa   0x080036aa   0x00000002   PAD
    0x080036ac   0x080036ac   0x00000054   Code   RO         4440    i.RegisterProgram   sim_software.o
    0x08003700   0x08003700   0x00000064   Code   RO         4441    i.ResponceCallback  sim_software.o
    0x08003764   0x08003764   0x00000048   Code   RO         4442    i.RunCommand        sim_software.o
    0x080037ac   0x080037ac   0x00000018   Code   RO         4443    i.RunNextCommand    sim_software.o
    0x080037c4   0x080037c4   0x00000030   Code   RO         4444    i.RunProgram        sim_software.o
    0x080037f4   0x080037f4   0x00000078   Code   RO         4275    i.SIM_CDC_Rx_Callback  sim_hardware.o
    0x0800386c   0x0800386c   0x0000000c   Code   RO         4276    i.SIM_CDC_Tx_Callback  sim_hardware.o
    0x08003878   0x08003878   0x00000060   Code   RO         4277    i.SIM_Init          sim_hardware.o
    0x080038d8   0x080038d8   0x000000c0   Code   RO         4278    i.SIM_Loop          sim_hardware.o
    0x08003998   0x08003998   0x00000030   Code   RO         4279    i.SIM_TIM_Init      sim_hardware.o
    0x080039c8   0x080039c8   0x00000030   Code   RO         4280    i.SIM_UART_Init     sim_hardware.o
    0x080039f8   0x080039f8   0x00000018   Code   RO         4281    i.SIM_UART_SetCallbackForIdle  sim_hardware.o
    0x08003a10   0x08003a10   0x00000002   Code   RO          600    i.SVC_Handler       stm32f4xx_it.o
    0x08003a12   0x08003a12   0x0000000a   Code   RO         4027    i.SWAPBYTE          usbd_ctlreq.o
    0x08003a1c   0x08003a1c   0x00000038   Code   RO         4282    i.SendI32ToPC       sim_hardware.o
    0x08003a54   0x08003a54   0x00000010   Code   RO         4445    i.SendTCP           sim_software.o
    0x08003a64   0x08003a64   0x00000018   Code   RO         4283    i.SendToPC          sim_hardware.o
    0x08003a7c   0x08003a7c   0x0000001c   Code   RO         4284    i.SendToSIM         sim_hardware.o
    0x08003a98   0x08003a98   0x00000068   Code   RO         4446    i.SetIPPort         sim_software.o
    0x08003b00   0x08003b00   0x0000005c   Code   RO         4447    i.SetIPPortInit     sim_software.o
    0x08003b5c   0x08003b5c   0x00000084   Code   RO         4448    i.SetUserInput      sim_software.o
    0x08003be0   0x08003be0   0x00000010   Code   RO         4285    i.ShowBufPC         sim_hardware.o
    0x08003bf0   0x08003bf0   0x00000010   Code   RO         4286    i.ShowBufSIM        sim_hardware.o
    0x08003c00   0x08003c00   0x0000000a   Code   RO         4449    i.ShowValue         sim_software.o
    0x08003c0a   0x08003c0a   0x00000002   PAD
    0x08003c0c   0x08003c0c   0x00000070   Code   RO         4450    i.StartTCP          sim_software.o
    0x08003c7c   0x08003c7c   0x00000054   Code   RO         4451    i.StopTCP           sim_software.o
    0x08003cd0   0x08003cd0   0x00000004   Code   RO          601    i.SysTick_Handler   stm32f4xx_it.o
    0x08003cd4   0x08003cd4   0x00000090   Code   RO           15    i.SystemClock_Config  main.o
    0x08003d64   0x08003d64   0x00000010   Code   RO         3852    i.SystemInit        system_stm32f4xx.o
    0x08003d74   0x08003d74   0x000000f8   Code   RO         4452    i.TCPMsgSent        sim_software.o
    0x08003e6c   0x08003e6c   0x00000060   Code   RO         4453    i.TCPSendMsg        sim_software.o
    0x08003ecc   0x08003ecc   0x0000002c   Code   RO         4454    i.TCPSetMsg         sim_software.o
    0x08003ef8   0x08003ef8   0x0000000c   Code   RO          602    i.TIM2_IRQHandler   stm32f4xx_it.o
    0x08003f04   0x08003f04   0x00000098   Code   RO         2616    i.TIM_Base_SetConfig  stm32f4xx_hal_tim.o
    0x08003f9c   0x08003f9c   0x00000014   Code   RO         2627    i.TIM_ETR_SetConfig  stm32f4xx_hal_tim.o
    0x08003fb0   0x08003fb0   0x00000010   Code   RO         2628    i.TIM_ITRx_SetConfig  stm32f4xx_hal_tim.o
    0x08003fc0   0x08003fc0   0x00000022   Code   RO         2634    i.TIM_TI1_ConfigInputStage  stm32f4xx_hal_tim.o
    0x08003fe2   0x08003fe2   0x00000024   Code   RO         2636    i.TIM_TI2_ConfigInputStage  stm32f4xx_hal_tim.o
    0x08004006   0x08004006   0x00000002   PAD
    0x08004008   0x08004008   0x0000000c   Code   RO         4287    i.Time              sim_hardware.o
    0x08004014   0x08004014   0x00000010   Code   RO         3536    i.UART_DMAAbortOnError  stm32f4xx_hal_uart.o
    0x08004024   0x08004024   0x0000004a   Code   RO         3537    i.UART_DMAError     stm32f4xx_hal_uart.o
    0x0800406e   0x0800406e   0x00000082   Code   RO         3538    i.UART_DMAReceiveCplt  stm32f4xx_hal_uart.o
    0x080040f0   0x080040f0   0x0000001a   Code   RO         3540    i.UART_DMARxHalfCplt  stm32f4xx_hal_uart.o
    0x0800410a   0x0800410a   0x00000042   Code   RO         3542    i.UART_DMATransmitCplt  stm32f4xx_hal_uart.o
    0x0800414c   0x0800414c   0x0000000a   Code   RO         3544    i.UART_DMATxHalfCplt  stm32f4xx_hal_uart.o
    0x08004156   0x08004156   0x0000004e   Code   RO         3546    i.UART_EndRxTransfer  stm32f4xx_hal_uart.o
    0x080041a4   0x080041a4   0x0000001c   Code   RO         3547    i.UART_EndTxTransfer  stm32f4xx_hal_uart.o
    0x080041c0   0x080041c0   0x000000c0   Code   RO         3548    i.UART_Receive_IT   stm32f4xx_hal_uart.o
    0x08004280   0x08004280   0x0000010c   Code   RO         3549    i.UART_SetConfig    stm32f4xx_hal_uart.o
    0x0800438c   0x0800438c   0x00000090   Code   RO         3550    i.UART_Start_Receive_DMA  stm32f4xx_hal_uart.o
    0x0800441c   0x0800441c   0x00000014   Code   RO          603    i.USART2_IRQHandler  stm32f4xx_it.o
    0x08004430   0x08004430   0x00000062   Code   RO         4160    i.USBD_CDC_DataIn   usbd_cdc.o
    0x08004492   0x08004492   0x0000002a   Code   RO         4161    i.USBD_CDC_DataOut  usbd_cdc.o
    0x080044bc   0x080044bc   0x00000048   Code   RO         4162    i.USBD_CDC_DeInit   usbd_cdc.o
    0x08004504   0x08004504   0x0000002e   Code   RO         4163    i.USBD_CDC_EP0_RxReady  usbd_cdc.o
    0x08004532   0x08004532   0x00000002   PAD
    0x08004534   0x08004534   0x0000000c   Code   RO         4164    i.USBD_CDC_GetDeviceQualifierDescriptor  usbd_cdc.o
    0x08004540   0x08004540   0x0000000c   Code   RO         4165    i.USBD_CDC_GetFSCfgDesc  usbd_cdc.o
    0x0800454c   0x0800454c   0x0000000c   Code   RO         4166    i.USBD_CDC_GetHSCfgDesc  usbd_cdc.o
    0x08004558   0x08004558   0x0000000c   Code   RO         4167    i.USBD_CDC_GetOtherSpeedCfgDesc  usbd_cdc.o
    0x08004564   0x08004564   0x000000a2   Code   RO         4168    i.USBD_CDC_Init     usbd_cdc.o
    0x08004606   0x08004606   0x00000028   Code   RO         4169    i.USBD_CDC_ReceivePacket  usbd_cdc.o
    0x0800462e   0x0800462e   0x0000000e   Code   RO         4170    i.USBD_CDC_RegisterInterface  usbd_cdc.o
    0x0800463c   0x0800463c   0x00000012   Code   RO         4171    i.USBD_CDC_SetRxBuffer  usbd_cdc.o
    0x0800464e   0x0800464e   0x00000016   Code   RO         4172    i.USBD_CDC_SetTxBuffer  usbd_cdc.o
    0x08004664   0x08004664   0x000000be   Code   RO         4173    i.USBD_CDC_Setup    usbd_cdc.o
    0x08004722   0x08004722   0x00000036   Code   RO         4174    i.USBD_CDC_TransmitPacket  usbd_cdc.o
    0x08004758   0x08004758   0x00000010   Code   RO         3889    i.USBD_ClrClassConfig  usbd_core.o
    0x08004768   0x08004768   0x00000010   Code   RO         4100    i.USBD_CtlContinueRx  usbd_ioreq.o
    0x08004778   0x08004778   0x00000010   Code   RO         4101    i.USBD_CtlContinueSendData  usbd_ioreq.o
    0x08004788   0x08004788   0x00000016   Code   RO         4028    i.USBD_CtlError     usbd_ctlreq.o
    0x0800479e   0x0800479e   0x0000001e   Code   RO         4102    i.USBD_CtlPrepareRx  usbd_ioreq.o
    0x080047bc   0x080047bc   0x00000016   Code   RO         4103    i.USBD_CtlReceiveStatus  usbd_ioreq.o
    0x080047d2   0x080047d2   0x0000001a   Code   RO         4104    i.USBD_CtlSendData  usbd_ioreq.o
    0x080047ec   0x080047ec   0x00000016   Code   RO         4105    i.USBD_CtlSendStatus  usbd_ioreq.o
    0x08004802   0x08004802   0x00000002   PAD
    0x08004804   0x08004804   0x00000020   Code   RO          449    i.USBD_FS_ConfigStrDescriptor  usbd_desc.o
    0x08004824   0x08004824   0x0000000c   Code   RO          450    i.USBD_FS_DeviceDescriptor  usbd_desc.o
    0x08004830   0x08004830   0x00000024   Code   RO          451    i.USBD_FS_InterfaceStrDescriptor  usbd_desc.o
    0x08004854   0x08004854   0x0000000c   Code   RO          452    i.USBD_FS_LangIDStrDescriptor  usbd_desc.o
    0x08004860   0x08004860   0x00000028   Code   RO          453    i.USBD_FS_ManufacturerStrDescriptor  usbd_desc.o
    0x08004888   0x08004888   0x0000002c   Code   RO          454    i.USBD_FS_ProductStrDescriptor  usbd_desc.o
    0x080048b4   0x080048b4   0x00000038   Code   RO          455    i.USBD_FS_SerialStrDescriptor  usbd_desc.o
    0x080048ec   0x080048ec   0x000000e6   Code   RO         4029    i.USBD_GetDescriptor  usbd_ctlreq.o
    0x080049d2   0x080049d2   0x00000048   Code   RO         4030    i.USBD_GetString    usbd_ctlreq.o
    0x08004a1a   0x08004a1a   0x00000018   Code   RO          254    i.USBD_Get_USB_Status  usbd_conf.o
    0x08004a32   0x08004a32   0x00000026   Code   RO         3891    i.USBD_Init         usbd_core.o
    0x08004a58   0x08004a58   0x00000012   Code   RO          255    i.USBD_LL_ClearStallEP  usbd_conf.o
    0x08004a6a   0x08004a6a   0x00000012   Code   RO          256    i.USBD_LL_CloseEP   usbd_conf.o
    0x08004a7c   0x08004a7c   0x000000a8   Code   RO         3892    i.USBD_LL_DataInStage  usbd_core.o
    0x08004b24   0x08004b24   0x0000006c   Code   RO         3893    i.USBD_LL_DataOutStage  usbd_core.o
    0x08004b90   0x08004b90   0x00000004   Code   RO         3894    i.USBD_LL_DevConnected  usbd_core.o
    0x08004b94   0x08004b94   0x00000018   Code   RO         3895    i.USBD_LL_DevDisconnected  usbd_core.o
    0x08004bac   0x08004bac   0x00000008   Code   RO          260    i.USBD_LL_GetRxDataSize  usbd_conf.o
    0x08004bb4   0x08004bb4   0x00000060   Code   RO          261    i.USBD_LL_Init      usbd_conf.o
    0x08004c14   0x08004c14   0x00000020   Code   RO          262    i.USBD_LL_IsStallEP  usbd_conf.o
    0x08004c34   0x08004c34   0x00000020   Code   RO         3896    i.USBD_LL_IsoINIncomplete  usbd_core.o
    0x08004c54   0x08004c54   0x00000020   Code   RO         3897    i.USBD_LL_IsoOUTIncomplete  usbd_core.o
    0x08004c74   0x08004c74   0x00000018   Code   RO          263    i.USBD_LL_OpenEP    usbd_conf.o
    0x08004c8c   0x08004c8c   0x00000012   Code   RO          264    i.USBD_LL_PrepareReceive  usbd_conf.o
    0x08004c9e   0x08004c9e   0x0000005a   Code   RO         3898    i.USBD_LL_Reset     usbd_core.o
    0x08004cf8   0x08004cf8   0x00000014   Code   RO         3899    i.USBD_LL_Resume    usbd_core.o
    0x08004d0c   0x08004d0c   0x00000020   Code   RO         3900    i.USBD_LL_SOF       usbd_core.o
    0x08004d2c   0x08004d2c   0x00000006   Code   RO         3901    i.USBD_LL_SetSpeed  usbd_core.o
    0x08004d32   0x08004d32   0x00000012   Code   RO          265    i.USBD_LL_SetUSBAddress  usbd_conf.o
    0x08004d44   0x08004d44   0x00000060   Code   RO         3902    i.USBD_LL_SetupStage  usbd_core.o
    0x08004da4   0x08004da4   0x00000012   Code   RO          266    i.USBD_LL_StallEP   usbd_conf.o
    0x08004db6   0x08004db6   0x00000012   Code   RO          267    i.USBD_LL_Start     usbd_conf.o
    0x08004dc8   0x08004dc8   0x00000012   Code   RO         3903    i.USBD_LL_Suspend   usbd_core.o
    0x08004dda   0x08004dda   0x00000012   Code   RO          269    i.USBD_LL_Transmit  usbd_conf.o
    0x08004dec   0x08004dec   0x0000002c   Code   RO         4031    i.USBD_ParseSetupRequest  usbd_ctlreq.o
    0x08004e18   0x08004e18   0x00000024   Code   RO         3904    i.USBD_RegisterClass  usbd_core.o
    0x08004e3c   0x08004e3c   0x00000014   Code   RO         3906    i.USBD_SetClassConfig  usbd_core.o
    0x08004e50   0x08004e50   0x000000bc   Code   RO         4032    i.USBD_SetConfig    usbd_ctlreq.o
    0x08004f0c   0x08004f0c   0x00000004   Code   RO         3907    i.USBD_Start        usbd_core.o
    0x08004f10   0x08004f10   0x00000114   Code   RO         4033    i.USBD_StdDevReq    usbd_ctlreq.o
    0x08005024   0x08005024   0x00000140   Code   RO         4034    i.USBD_StdEPReq     usbd_ctlreq.o
    0x08005164   0x08005164   0x00000052   Code   RO         4035    i.USBD_StdItfReq    usbd_ctlreq.o
    0x080051b6   0x080051b6   0x00000002   Code   RO          270    i.USBD_static_free  usbd_conf.o
    0x080051b8   0x080051b8   0x00000008   Code   RO          271    i.USBD_static_malloc  usbd_conf.o
    0x080051c0   0x080051c0   0x00000080   Code   RO         1015    i.USB_ActivateEndpoint  stm32f4xx_ll_usb.o
    0x08005240   0x08005240   0x0000001c   Code   RO         1017    i.USB_ActivateSetup  stm32f4xx_ll_usb.o
    0x0800525c   0x0800525c   0x00000074   Code   RO         1019    i.USB_CoreInit      stm32f4xx_ll_usb.o
    0x080052d0   0x080052d0   0x00000040   Code   RO         1020    i.USB_CoreReset     stm32f4xx_ll_usb.o
    0x08005310   0x08005310   0x000000cc   Code   RO         1023    i.USB_DeactivateEndpoint  stm32f4xx_ll_usb.o
    0x080053dc   0x080053dc   0x0000001c   Code   RO         1024    i.USB_DevConnect    stm32f4xx_ll_usb.o
    0x080053f8   0x080053f8   0x0000001c   Code   RO         1025    i.USB_DevDisconnect  stm32f4xx_ll_usb.o
    0x08005414   0x08005414   0x00000174   Code   RO         1026    i.USB_DevInit       stm32f4xx_ll_usb.o
    0x08005588   0x08005588   0x0000000c   Code   RO         1027    i.USB_DisableGlobalInt  stm32f4xx_ll_usb.o
    0x08005594   0x08005594   0x00000118   Code   RO         1030    i.USB_EP0StartXfer  stm32f4xx_ll_usb.o
    0x080056ac   0x080056ac   0x00000058   Code   RO         1031    i.USB_EP0_OutStart  stm32f4xx_ll_usb.o
    0x08005704   0x08005704   0x00000058   Code   RO         1032    i.USB_EPClearStall  stm32f4xx_ll_usb.o
    0x0800575c   0x0800575c   0x00000058   Code   RO         1033    i.USB_EPSetStall    stm32f4xx_ll_usb.o
    0x080057b4   0x080057b4   0x000001e8   Code   RO         1034    i.USB_EPStartXfer   stm32f4xx_ll_usb.o
    0x0800599c   0x0800599c   0x0000000c   Code   RO         1035    i.USB_EnableGlobalInt  stm32f4xx_ll_usb.o
    0x080059a8   0x080059a8   0x00000028   Code   RO         1036    i.USB_FlushRxFifo   stm32f4xx_ll_usb.o
    0x080059d0   0x080059d0   0x0000002c   Code   RO         1037    i.USB_FlushTxFifo   stm32f4xx_ll_usb.o
    0x080059fc   0x080059fc   0x0000001a   Code   RO         1039    i.USB_GetDevSpeed   stm32f4xx_ll_usb.o
    0x08005a16   0x08005a16   0x00000008   Code   RO         1041    i.USB_GetMode       stm32f4xx_ll_usb.o
    0x08005a1e   0x08005a1e   0x0000000e   Code   RO         1048    i.USB_ReadDevAllInEpInterrupt  stm32f4xx_ll_usb.o
    0x08005a2c   0x08005a2c   0x0000000e   Code   RO         1049    i.USB_ReadDevAllOutEpInterrupt  stm32f4xx_ll_usb.o
    0x08005a3a   0x08005a3a   0x00000024   Code   RO         1050    i.USB_ReadDevInEPInterrupt  stm32f4xx_ll_usb.o
    0x08005a5e   0x08005a5e   0x00000010   Code   RO         1051    i.USB_ReadDevOutEPInterrupt  stm32f4xx_ll_usb.o
    0x08005a6e   0x08005a6e   0x00000008   Code   RO         1052    i.USB_ReadInterrupts  stm32f4xx_ll_usb.o
    0x08005a76   0x08005a76   0x0000003e   Code   RO         1053    i.USB_ReadPacket    stm32f4xx_ll_usb.o
    0x08005ab4   0x08005ab4   0x0000005c   Code   RO         1055    i.USB_SetCurrentMode  stm32f4xx_ll_usb.o
    0x08005b10   0x08005b10   0x00000022   Code   RO         1056    i.USB_SetDevAddress  stm32f4xx_ll_usb.o
    0x08005b32   0x08005b32   0x00000002   PAD
    0x08005b34   0x08005b34   0x000000e8   Code   RO         1058    i.USB_SetTurnaroundTime  stm32f4xx_ll_usb.o
    0x08005c1c   0x08005c1c   0x00000028   Code   RO         1061    i.USB_WritePacket   stm32f4xx_ll_usb.o
    0x08005c44   0x08005c44   0x00000002   Code   RO          604    i.UsageFault_Handler  stm32f4xx_it.o
    0x08005c46   0x08005c46   0x00000020   Code   RO         2146    i.__NVIC_SetPriority  stm32f4xx_hal_cortex.o
    0x08005c66   0x08005c66   0x00000002   PAD
    0x08005c68   0x08005c68   0x0000000c   Code   RO         4455    i._u0420_u040eloseGPRS  sim_software.o
    0x08005c74   0x08005c74   0x000000b4   Code   RO           16    i.main              main.o
    0x08005d28   0x08005d28   0x0000002c   Code   RO         4967    locale$$code        c_w.l(lc_ctype_c.o)
    0x08005d54   0x08005d54   0x0000000a   Code   RO         4948    x$fpl$fpinit        fz_wm.l(fpinit.o)
    0x08005d5e   0x08005d5e   0x00000008   Data   RO         1839    .constdata          stm32f4xx_hal_dma.o
    0x08005d66   0x08005d66   0x00000010   Data   RO         3853    .constdata          system_stm32f4xx.o
    0x08005d76   0x08005d76   0x00000008   Data   RO         3854    .constdata          system_stm32f4xx.o
    0x08005d7e   0x08005d7e   0x00000002   PAD
    0x08005d80   0x08005d80   0x000000b1   Data   RO         4289    .conststring        sim_hardware.o
    0x08005e31   0x08005e31   0x00000003   PAD
    0x08005e34   0x08005e34   0x000000ab   Data   RO         4458    .conststring        sim_software.o
    0x08005edf   0x08005edf   0x00000001   PAD
    0x08005ee0   0x08005ee0   0x0000003e   Data   RO         4641    .conststring        sim_main.o
    0x08005f1e   0x08005f1e   0x00000002   PAD
    0x08005f20   0x08005f20   0x00000050   Data   RO         4642    .conststring        sim_main.o
    0x08005f70   0x08005f70   0x00000037   Data   RO         4643    .conststring        sim_main.o
    0x08005fa7   0x08005fa7   0x00000001   PAD
    0x08005fa8   0x08005fa8   0x00000299   Data   RO         4644    .conststring        sim_main.o
    0x08006241   0x08006241   0x00000003   PAD
    0x08006244   0x08006244   0x00000020   Data   RO         5049    Region$$Table       anon$$obj.o
    0x08006264   0x08006264   0x00000110   Data   RO         4966    locale$$data        c_w.l(lc_ctype_c.o)


    Execution Region RW_IRAM1 (Exec base: 0x20000000, Load base: 0x08006374, Size: 0x000042e8, Max: 0x00020000, ABSOLUTE, COMPRESSED[0x000001ac])

    Exec Addr    Load Addr    Size         Type   Attr      Idx    E Section Name        Object

    0x20000000   COMPRESSED   0x0000001c   Data   RW          457    .data               usbd_desc.o
    0x2000001c   COMPRESSED   0x00000032   Data   RW          458    .data               usbd_desc.o
    0x2000004e   COMPRESSED   0x00000002   PAD
    0x20000050   COMPRESSED   0x00000014   Data   RW          541    .data               usbd_cdc_if.o
    0x20000064   COMPRESSED   0x0000000c   Data   RW         2290    .data               stm32f4xx_hal.o
    0x20000070   COMPRESSED   0x00000004   Data   RW         3855    .data               system_stm32f4xx.o
    0x20000074   COMPRESSED   0x00000001   Data   RW         4036    .data               usbd_ctlreq.o
    0x20000075   COMPRESSED   0x00000003   PAD
    0x20000078   COMPRESSED   0x000000d7   Data   RW         4175    .data               usbd_cdc.o
    0x2000014f   COMPRESSED   0x00000001   PAD
    0x20000150   COMPRESSED   0x00000038   Data   RW         4176    .data               usbd_cdc.o
    0x20000188   COMPRESSED   0x00000028   Data   RW         4290    .data               sim_hardware.o
    0x200001b0   COMPRESSED   0x00000100   Data   RW         4459    .data               sim_software.o
    0x200002b0   COMPRESSED   0x00000008   Data   RW         4645    .data               sim_main.o
    0x200002b8   COMPRESSED   0x00000008   Data   RW         4646    .data               sim_main.o
    0x200002c0   COMPRESSED   0x00000008   Data   RW         4647    .data               sim_main.o
    0x200002c8   COMPRESSED   0x000000a4   Data   RW         4648    .data               sim_main.o
    0x2000036c        -       0x0000008c   Zero   RW           17    .bss                main.o
    0x200003f8        -       0x00000060   Zero   RW           18    .bss                main.o
    0x20000458        -       0x00000060   Zero   RW           19    .bss                main.o
    0x200004b8        -       0x000002d0   Zero   RW          211    .bss                usb_device.o
    0x20000788        -       0x00000628   Zero   RW          272    .bss                usbd_conf.o
    0x20000db0        -       0x00000200   Zero   RW          456    .bss                usbd_desc.o
    0x20000fb0        -       0x00001000   Zero   RW          540    .bss                usbd_cdc_if.o
    0x20001fb0        -       0x00000e8c   Zero   RW         4288    .bss                sim_hardware.o
    0x20002e3c        -       0x00000c4c   Zero   RW         4456    .bss                sim_software.o
    0x20003a88        -       0x00000060   Zero   RW         4906    .bss                c_w.l(libspace.o)
    0x20003ae8        -       0x00000400   Zero   RW            2    HEAP                startup_stm32f411xe.o
    0x20003ee8        -       0x00000400   Zero   RW            1    STACK               startup_stm32f411xe.o


==============================================================================

Image component sizes


      Code (inc. data)   RO Data    RW Data    ZI Data      Debug   Object Name

       432         28          0          0        332     437016   main.o
      1008        222        177         40       3724      11651   sim_hardware.o
       740        184        862        188          0       4147   sim_main.o
      2374        894        171        256       3148      20698   sim_software.o
        64         26        408          0       2048        832   startup_stm32f411xe.o
       180         28          0         12          0       9177   stm32f4xx_hal.o
       198         14          0          0          0      33887   stm32f4xx_hal_cortex.o
      1084         16          8          0          0       7250   stm32f4xx_hal_dma.o
       480         34          0          0          0       1488   stm32f4xx_hal_gpio.o
       336         38          0          0          0       2324   stm32f4xx_hal_msp.o
      2308         14          0          0          0      12609   stm32f4xx_hal_pcd.o
        78          0          0          0          0       2361   stm32f4xx_hal_pcd_ex.o
      1360         82          0          0          0       5640   stm32f4xx_hal_rcc.o
      1042         50          0          0          0       9973   stm32f4xx_hal_tim.o
       128         20          0          0          0       2409   stm32f4xx_hal_tim_ex.o
      1934         44          0          0          0      13907   stm32f4xx_hal_uart.o
        88         28          0          0          0       6284   stm32f4xx_it.o
      2690        132          0          0          0      22778   stm32f4xx_ll_usb.o
        16          4         24          4          0       1071   system_stm32f4xx.o
        84         18          0          0        720        752   usb_device.o
       806         16          0        271          0      13569   usbd_cdc.o
       134         22          0         20       4096       3768   usbd_cdc_if.o
       638         24          0          0       1576      15624   usbd_conf.o
       744          0          0          0          0      12421   usbd_core.o
      1244         30          0          1          0      14188   usbd_ctlreq.o
       288        104          0         78        512       5805   usbd_desc.o
       132          0          0          0          0       4452   usbd_ioreq.o

    ----------------------------------------------------------------------
     20652       2072       1694        876      16156     676081   Object Totals
         0          0         32          0          0          0   (incl. Generated)
        42          0         12          6          0          0   (incl. Padding)

    ----------------------------------------------------------------------

      Code (inc. data)   RO Data    RW Data    ZI Data      Debug   Library Member Name

        44          6          0          0          0         84   __2sprintf.o
        90          0          0          0          0          0   __dczerorl2.o
         8          0          0          0          0         68   __main.o
       104          0          0          0          0         84   __printf.o
         0          0          0          0          0          0   __rtentry.o
        12          0          0          0          0          0   __rtentry2.o
         6          0          0          0          0          0   __rtentry4.o
        52          8          0          0          0          0   __scatter.o
        28          0          0          0          0          0   __scatter_zi.o
        28          0          0          0          0         68   _chval.o
        44          0          0          0          0        108   _printf_char.o
        48          6          0          0          0         96   _printf_char_common.o
         6          0          0          0          0          0   _printf_d.o
       120         16          0          0          0         92   _printf_dec.o
       178          0          0          0          0         88   _printf_intcommon.o
         0          0          0          0          0          0   _printf_percent.o
         4          0          0          0          0          0   _printf_percent_end.o
         6          0          0          0          0          0   _printf_s.o
        82          0          0          0          0         80   _printf_str.o
        10          0          0          0          0         68   _sputc.o
       158          0          0          0          0         92   _strtoul.o
        26          0          0          0          0         80   atoi.o
        10          0          0          0          0         68   defsig_exit.o
        50          0          0          0          0         88   defsig_general.o
        80         58          0          0          0         76   defsig_rtmem_inner.o
        14          0          0          0          0         80   defsig_rtmem_outer.o
        18          0          0          0          0         80   exit.o
        94          0          0          0          0         80   h1_alloc.o
        52          0          0          0          0         68   h1_extend.o
        78          0          0          0          0         80   h1_free.o
        14          0          0          0          0         84   h1_init.o
         6          0          0          0          0        152   heapauxi.o
         4          0          0          0          0        136   hguard.o
         0          0          0          0          0          0   indicate_semi.o
       138          0          0          0          0        168   init_alloc.o
        44         10        272          0          0         76   lc_ctype_c.o
         2          0          0          0          0          0   libinit.o
        32          0          0          0          0          0   libinit2.o
         2          0          0          0          0          0   libshutdown.o
         2          0          0          0          0          0   libshutdown2.o
         8          4          0          0         96         68   libspace.o
       238          0          0          0          0        100   lludivv7m.o
         0          0          0          0          0          0   maybetermalloc1.o
        16          4          0          0          0         76   rt_ctype_table.o
         8          4          0          0          0         68   rt_errno_addr_intlibspace.o
         8          4          0          0          0         68   rt_heap_descriptor_intlibspace.o
         8          4          0          0          0         68   rt_locale_intlibspace.o
        78          0          0          0          0         80   rt_memclr_w.o
       138          0          0          0          0         68   rt_memcpy_v6.o
       100          0          0          0          0         80   rt_memcpy_w.o
         2          0          0          0          0          0   rtexit.o
        10          0          0          0          0          0   rtexit2.o
       128          0          0          0          0         68   strcmpv7m.o
        72          0          0          0          0         80   strcpy.o
        62          0          0          0          0         76   strlen.o
        36          0          0          0          0         80   strstr.o
       112          0          0          0          0         88   strtol.o
        12          4          0          0          0         68   sys_exit.o
        74          0          0          0          0         80   sys_stackheap_outer.o
        14          0          0          0          0         76   sys_wrch.o
         2          0          0          0          0         68   use_no_semi.o
        10          0          0          0          0        116   fpinit.o

    ----------------------------------------------------------------------
      2842        128        272          0         96       3720   Library Totals
        12          0          0          0          0          0   (incl. Padding)

    ----------------------------------------------------------------------

      Code (inc. data)   RO Data    RW Data    ZI Data      Debug   Library Name

      2820        128        272          0         96       3604   c_w.l
        10          0          0          0          0        116   fz_wm.l

    ----------------------------------------------------------------------
      2842        128        272          0         96       3720   Library Totals

    ----------------------------------------------------------------------

==============================================================================


      Code (inc. data)   RO Data    RW Data    ZI Data      Debug   

     23494       2200       1966        876      16252     651821   Grand Totals
     23494       2200       1966        428      16252     651821   ELF Image Totals (compressed)
     23494       2200       1966        428          0          0   ROM Totals

==============================================================================

    Total RO  Size (Code + RO Data)                25460 (  24.86kB)
    Total RW  Size (RW Data + ZI Data)             17128 (  16.73kB)
    Total ROM Size (Code + RO Data + RW Data)      25888 (  25.28kB)

==============================================================================

